Component: ARM Compiler 5.06 update 6 (build 750) Tool: armlink [4d35ed]

==============================================================================

Section Cross References

    startup_gowin_m3.o(STACK) refers (Special) to heapauxi.o(.text) for __use_two_region_memory
    startup_gowin_m3.o(HEAP) refers (Special) to heapauxi.o(.text) for __use_two_region_memory
    startup_gowin_m3.o(RESET) refers (Special) to heapauxi.o(.text) for __use_two_region_memory
    startup_gowin_m3.o(RESET) refers to startup_gowin_m3.o(STACK) for __initial_sp
    startup_gowin_m3.o(RESET) refers to startup_gowin_m3.o(.text) for Reset_Handler
    startup_gowin_m3.o(RESET) refers to gowin_m3_it.o(i.NMI_Handler) for NMI_Handler
    startup_gowin_m3.o(RESET) refers to gowin_m3_it.o(i.HardFault_Handler) for HardFault_Handler
    startup_gowin_m3.o(RESET) refers to gowin_m3_it.o(i.MemManage_Handler) for MemManage_Handler
    startup_gowin_m3.o(RESET) refers to gowin_m3_it.o(i.BusFault_Handler) for BusFault_Handler
    startup_gowin_m3.o(RESET) refers to gowin_m3_it.o(i.UsageFault_Handler) for UsageFault_Handler
    startup_gowin_m3.o(RESET) refers to gowin_m3_it.o(i.SVC_Handler) for SVC_Handler
    startup_gowin_m3.o(RESET) refers to gowin_m3_it.o(i.DebugMon_Handler) for DebugMon_Handler
    startup_gowin_m3.o(RESET) refers to gowin_m3_it.o(i.PendSV_Handler) for PendSV_Handler
    startup_gowin_m3.o(RESET) refers to app.o(i.UART0_Handler) for UART0_Handler
    startup_gowin_m3.o(RESET) refers to gowin_m3_it.o(i.UART1_Handler) for UART1_Handler
    startup_gowin_m3.o(RESET) refers to gowin_m3_it.o(i.TIMER1_Handler) for TIMER1_Handler
    startup_gowin_m3.o(RESET) refers to gowin_m3_it.o(i.GPIO0_Handler) for GPIO0_Handler
    startup_gowin_m3.o(RESET) refers to gowin_m3_it.o(i.GPIO0_0_Handler) for GPIO0_0_Handler
    startup_gowin_m3.o(RESET) refers to gowin_m3_it.o(i.GPIO0_1_Handler) for GPIO0_1_Handler
    startup_gowin_m3.o(RESET) refers to gowin_m3_it.o(i.GPIO0_2_Handler) for GPIO0_2_Handler
    startup_gowin_m3.o(RESET) refers to gowin_m3_it.o(i.GPIO0_3_Handler) for GPIO0_3_Handler
    startup_gowin_m3.o(RESET) refers to gowin_m3_it.o(i.GPIO0_4_Handler) for GPIO0_4_Handler
    startup_gowin_m3.o(RESET) refers to gowin_m3_it.o(i.GPIO0_5_Handler) for GPIO0_5_Handler
    startup_gowin_m3.o(RESET) refers to gowin_m3_it.o(i.GPIO0_6_Handler) for GPIO0_6_Handler
    startup_gowin_m3.o(RESET) refers to gowin_m3_it.o(i.GPIO0_7_Handler) for GPIO0_7_Handler
    startup_gowin_m3.o(RESET) refers to gowin_m3_it.o(i.GPIO0_8_Handler) for GPIO0_8_Handler
    startup_gowin_m3.o(RESET) refers to gowin_m3_it.o(i.GPIO0_9_Handler) for GPIO0_9_Handler
    startup_gowin_m3.o(RESET) refers to gowin_m3_it.o(i.GPIO0_10_Handler) for GPIO0_10_Handler
    startup_gowin_m3.o(RESET) refers to gowin_m3_it.o(i.GPIO0_11_Handler) for GPIO0_11_Handler
    startup_gowin_m3.o(RESET) refers to gowin_m3_it.o(i.GPIO0_12_Handler) for GPIO0_12_Handler
    startup_gowin_m3.o(RESET) refers to gowin_m3_it.o(i.GPIO0_13_Handler) for GPIO0_13_Handler
    startup_gowin_m3.o(RESET) refers to gowin_m3_it.o(i.GPIO0_14_Handler) for GPIO0_14_Handler
    startup_gowin_m3.o(RESET) refers to gowin_m3_it.o(i.GPIO0_15_Handler) for GPIO0_15_Handler
    startup_gowin_m3.o(RESET) refers to gowin_m3_it.o(i.USER_INT0_Handler) for USER_INT0_Handler
    startup_gowin_m3.o(RESET) refers to gowin_m3_it.o(i.USER_INT1_Handler) for USER_INT1_Handler
    startup_gowin_m3.o(RESET) refers to gowin_m3_it.o(i.USER_INT2_Handler) for USER_INT2_Handler
    startup_gowin_m3.o(RESET) refers to gowin_m3_it.o(i.USER_INT3_Handler) for USER_INT3_Handler
    startup_gowin_m3.o(RESET) refers to gowin_m3_it.o(i.USER_INT4_Handler) for USER_INT4_Handler
    startup_gowin_m3.o(RESET) refers to gowin_m3_it.o(i.USER_INT5_Handler) for USER_INT5_Handler
    startup_gowin_m3.o(RESET) refers to gowin_m3_it.o(i.USER_INT6_Handler) for USER_INT6_Handler
    startup_gowin_m3.o(RESET) refers to gowin_m3_it.o(i.USER_INT7_Handler) for USER_INT7_Handler
    startup_gowin_m3.o(RESET) refers to gowin_m3_it.o(i.USER_INT8_Handler) for USER_INT8_Handler
    startup_gowin_m3.o(RESET) refers to gowin_m3_it.o(i.USER_INT9_Handler) for USER_INT9_Handler
    startup_gowin_m3.o(RESET) refers to gowin_m3_it.o(i.USER_INT10_Handler) for USER_INT10_Handler
    startup_gowin_m3.o(RESET) refers to gowin_m3_it.o(i.USER_INT11_Handler) for USER_INT11_Handler
    startup_gowin_m3.o(RESET) refers to gowin_m3_it.o(i.USER_INT12_Handler) for USER_INT12_Handler
    startup_gowin_m3.o(RESET) refers to gowin_m3_it.o(i.USER_INT13_Handler) for USER_INT13_Handler
    startup_gowin_m3.o(RESET) refers to gowin_m3_it.o(i.USER_INT14_Handler) for USER_INT14_Handler
    startup_gowin_m3.o(RESET) refers to gowin_m3_it.o(i.USER_INT15_Handler) for USER_INT15_Handler
    startup_gowin_m3.o(.text) refers (Special) to heapauxi.o(.text) for __use_two_region_memory
    startup_gowin_m3.o(.text) refers to system_gowin_m3.o(i.SystemInit) for SystemInit
[...]
    isspace.o(.text) refers to rt_ctype_table.o(.text) for __rt_ctype_table
    _scanf.o(.text) refers (Weak) to _scanf_str.o(.text) for _scanf_string
    exit.o(.text) refers to rtexit.o(.ARM.Collect$$rtexit$$00000000) for __rt_exit
    defsig_exit.o(.text) refers to retarget.o(i._sys_exit) for _sys_exit
    defsig_rtmem_inner.o(.text) refers to defsig_general.o(.text) for __default_signal_display
    argv_veneer.o(.emb_text) refers to no_argv.o(.text) for __ARM_get_argv
    libinit.o(.ARM.Collect$$libinit$$00000000) refers (Special) to libinit2.o(.ARM.Collect$$libinit$$0000002E) for __rt_lib_init_alloca_1
    libinit.o(.ARM.Collect$$libinit$$00000000) refers (Special) to libinit2.o(.ARM.Collect$$libinit$$0000002C) for __rt_lib_init_argv_1
    libinit.o(.ARM.Collect$$libinit$$00000000) refers (Special) to libinit2.o(.ARM.Collect$$libinit$$0000001B) for __rt_lib_init_atexit_1
    libinit.o(.ARM.Collect$$libinit$$00000000) refers (Special) to libinit2.o(.ARM.Collect$$libinit$$00000021) for __rt_lib_init_clock_1
    libinit.o(.ARM.Collect$$libinit$$00000000) refers (Special) to libinit2.o(.ARM.Collect$$libinit$$00000032) for __rt_lib_init_cpp_1
    libinit.o(.ARM.Collect$$libinit$$00000000) refers (Special) to libinit2.o(.ARM.Collect$$libinit$$00000030) for __rt_lib_init_exceptions_1
    libinit.o(.ARM.Collect$$libinit$$00000000) refers (Special) to libinit2.o(.ARM.Collect$$libinit$$00000002) for __rt_lib_init_fp_1
    libinit.o(.ARM.Collect$$libinit$$00000000) refers (Special) to libinit2.o(.ARM.Collect$$libinit$$0000001F) for __rt_lib_init_fp_trap_1
    libinit.o(.ARM.Collect$$libinit$$00000000) refers (Special) to libinit2.o(.ARM.Collect$$libinit$$00000023) for __rt_lib_init_getenv_1
    libinit.o(.ARM.Collect$$libinit$$00000000) refers (Special) to libinit2.o(.ARM.Collect$$libinit$$0000000A) for __rt_lib_init_heap_1
    libinit.o(.ARM.Collect$$libinit$$00000000) refers (Special) to libinit2.o(.ARM.Collect$$libinit$$00000011) for __rt_lib_init_lc_collate_1
    libinit.o(.ARM.Collect$$libinit$$00000000) refers (Special) to libinit2.o(.ARM.Collect$$libinit$$00000013) for __rt_lib_init_lc_ctype_1
    libinit.o(.ARM.Collect$$libinit$$00000000) refers (Special) to libinit2.o(.ARM.Collect$$libinit$$00000015) for __rt_lib_init_lc_monetary_1
    libinit.o(.ARM.Collect$$libinit$$00000000) refers (Special) to libinit2.o(.ARM.Collect$$libinit$$00000017) for __rt_lib_init_lc_numeric_1
    libinit.o(.ARM.Collect$$libinit$$00000000) refers (Special) to libinit2.o(.ARM.Collect$$libinit$$00000019) for __rt_lib_init_lc_time_1
    libinit.o(.ARM.Collect$$libinit$$00000000) refers (Special) to libinit2.o(.ARM.Collect$$libinit$$00000004) for __rt_lib_init_preinit_1
    libinit.o(.ARM.Collect$$libinit$$00000000) refers (Special) to libinit2.o(.ARM.Collect$$libinit$$0000000E) for __rt_lib_init_rand_1
    libinit.o(.ARM.Collect$$libinit$$00000000) refers (Special) to libinit2.o(.ARM.Collect$$libinit$$00000033) for __rt_lib_init_return
    libinit.o(.ARM.Collect$$libinit$$00000000) refers (Special) to libinit2.o(.ARM.Collect$$libinit$$0000001D) for __rt_lib_init_signal_1
    libinit.o(.ARM.Collect$$libinit$$00000000) refers (Special) to libinit2.o(.ARM.Collect$$libinit$$00000025) for __rt_lib_init_stdio_1
    libinit.o(.ARM.Collect$$libinit$$00000000) refers (Special) to libinit2.o(.ARM.Collect$$libinit$$0000000C) for __rt_lib_init_user_alloc_1
    rtexit.o(.ARM.Collect$$rtexit$$00000000) refers (Special) to rtexit2.o(.ARM.Collect$$rtexit$$00000004) for __rt_exit_exit
    rtexit.o(.ARM.Collect$$rtexit$$00000000) refers (Special) to rtexit2.o(.ARM.Collect$$rtexit$$00000003) for __rt_exit_ls
    rtexit.o(.ARM.Collect$$rtexit$$00000000) refers (Special) to rtexit2.o(.ARM.Collect$$rtexit$$00000002) for __rt_exit_prels_1
    rtexit.o(.ARM.exidx) refers (Special) to rtexit2.o(.ARM.Collect$$rtexit$$00000004) for __rt_exit_exit
    rtexit.o(.ARM.exidx) refers (Special) to rtexit2.o(.ARM.Collect$$rtexit$$00000003) for __rt_exit_ls
    rtexit.o(.ARM.exidx) refers (Special) to rtexit2.o(.ARM.Collect$$rtexit$$00000002) for __rt_exit_prels_1
    rtexit.o(.ARM.exidx) refers to rtexit.o(.ARM.Collect$$rtexit$$00000000) for .ARM.Collect$$rtexit$$00000000
    rt_ctype_table.o(.text) refers to rt_locale_intlibspace.o(.text) for __rt_locale
    rt_ctype_table.o(.text) refers to lc_ctype_c.o(locale$$code) for _get_lc_ctype
    __raise.o(.text) refers to defsig.o(CL$$defsig) for __default_signal_handler
    defsig_general.o(.text) refers to retarget.o(i._ttywrch) for _ttywrch
    _get_argv_nomalloc.o(.text) refers (Special) to hrguard.o(.text) for __heap_region$guard
    _get_argv_nomalloc.o(.text) refers to defsig_rtmem_outer.o(.text) for __rt_SIGRTMEM
    _get_argv_nomalloc.o(.text) refers to sys_command.o(.text) for _sys_command_string
    libshutdown2.o(.ARM.Collect$$libshutdown$$0000000D) refers (Weak) to term_alloc.o(.text) for _terminate_alloc
    rtexit2.o(.ARM.Collect$$rtexit$$00000003) refers to libshutdown.o(.ARM.Collect$$libshutdown$$00000000) for __rt_lib_shutdown
    rtexit2.o(.ARM.Collect$$rtexit$$00000004) refers to retarget.o(i._sys_exit) for _sys_exit
    rtexit2.o(.ARM.exidx) refers to rtexit2.o(.ARM.Collect$$rtexit$$00000001) for .ARM.Collect$$rtexit$$00000001
    rtexit2.o(.ARM.exidx) refers to rtexit2.o(.ARM.Collect$$rtexit$$00000003) for .ARM.Collect$$rtexit$$00000003
    rtexit2.o(.ARM.exidx) refers to rtexit2.o(.ARM.Collect$$rtexit$$00000004) for .ARM.Collect$$rtexit$$00000004
    rt_locale.o(.text) refers to rt_locale.o(.bss) for __rt_locale_data
    rt_locale_intlibspace.o(.text) refers to libspace.o(.bss) for __libspace_start
    lc_ctype_c.o(locale$$data) refers (Special) to libinit2.o(.ARM.Collect$$libinit$$00000012) for __rt_lib_init_lc_ctype_2
    lc_ctype_c.o(locale$$code) refers (Special) to libinit2.o(.ARM.Collect$$libinit$$00000012) for __rt_lib_init_lc_ctype_2
    lc_ctype_c.o(locale$$code) refers to strcmpv7m.o(.text) for strcmp
    lc_ctype_c.o(locale$$code) refers to lc_ctype_c.o(locale$$data) for __lcctype_c_name
    defsig.o(CL$$defsig) refers to defsig_rtmem_inner.o(.text) for __rt_SIGRTMEM_inner
    defsig_abrt_inner.o(.text) refers to defsig_general.o(.text) for __default_signal_display
    defsig_fpe_inner.o(.text) refers to defsig_general.o(.text) for __default_signal_display
    defsig_rtred_inner.o(.text) refers to defsig_general.o(.text) for __default_signal_display
    defsig_stak_inner.o(.text) refers to defsig_general.o(.text) for __default_signal_display
    defsig_pvfn_inner.o(.text) refers to defsig_general.o(.text) for __default_signal_display
    defsig_cppl_inner.o(.text) refers to defsig_general.o(.text) for __default_signal_display
    defsig_segv_inner.o(.text) refers to defsig_general.o(.text) for __default_signal_display
    defsig_other.o(.text) refers to defsig_general.o(.text) for __default_signal_display
    libshutdown.o(.ARM.Collect$$libshutdown$$00000000) refers (Special) to libshutdown2.o(.ARM.Collect$$libshutdown$$00000002) for __rt_lib_shutdown_cpp_1
    libshutdown.o(.ARM.Collect$$libshutdown$$00000000) refers (Special) to libshutdown2.o(.ARM.Collect$$libshutdown$$00000007) for __rt_lib_shutdown_fp_trap_1
    libshutdown.o(.ARM.Collect$$libshutdown$$00000000) refers (Special) to libshutdown2.o(.ARM.Collect$$libshutdown$$0000000F) for __rt_lib_shutdown_heap_1
    libshutdown.o(.ARM.Collect$$libshutdown$$00000000) refers (Special) to libshutdown2.o(.ARM.Collect$$libshutdown$$00000010) for __rt_lib_shutdown_return
    libshutdown.o(.ARM.Collect$$libshutdown$$00000000) refers (Special) to libshutdown2.o(.ARM.Collect$$libshutdown$$0000000A) for __rt_lib_shutdown_signal_1
    libshutdown.o(.ARM.Collect$$libshutdown$$00000000) refers (Special) to libshutdown2.o(.ARM.Collect$$libshutdown$$00000004) for __rt_lib_shutdown_stdio_1
    libshutdown.o(.ARM.Collect$$libshutdown$$00000000) refers (Special) to libshutdown2.o(.ARM.Collect$$libshutdown$$0000000C) for __rt_lib_shutdown_user_alloc_1


==============================================================================

Removing Unused input sections from the image.

    Removing core_cm3.o(.emb_text), (32 bytes).
    Removing system_gowin_m3.o(i.SystemCoreClockUpdate), (16 bytes).
    Removing gowin_m3_ddr3.o(i.DDR3_Init), (18 bytes).
    Removing gowin_m3_ddr3.o(i.DDR3_Read), (68 bytes).
    Removing gowin_m3_ddr3.o(i.DDR3_Write), (68 bytes).
    Removing gowin_m3_ethernet.o(i.eth_init), (96 bytes).
    Removing gowin_m3_ethernet.o(i.eth_set_mode), (12 bytes).
    Removing gowin_m3_ethernet.o(i.eth_tx), (80 bytes).
    Removing gowin_m3_ethernet.o(i.miim_rd_int_event), (48 bytes).
    Removing gowin_m3_ethernet.o(i.miim_receive), (36 bytes).
    Removing gowin_m3_ethernet.o(i.miim_wr_int_event), (24 bytes).
    Removing gowin_m3_ethernet.o(i.miim_write), (44 bytes).
    Removing gowin_m3_ethernet.o(i.rx_int_event), (64 bytes).
    Removing gowin_m3_ethernet.o(i.tx_int_event), (116 bytes).
    Removing gowin_m3_ethernet.o(.bss), (12 bytes).
    Removing gowin_m3_ethernet.o(.constdata), (20 bytes).
    Removing gowin_m3_gpio.o(i.GPIO_ClrAltFunc), (4 bytes).
    Removing gowin_m3_gpio.o(i.GPIO_ClrIntEnable), (12 bytes).
    Removing gowin_m3_gpio.o(i.GPIO_ClrOutEnable), (4 bytes).
    Removing gowin_m3_gpio.o(i.GPIO_GetAltFunc), (6 bytes).
    Removing gowin_m3_gpio.o(i.GPIO_GetIntStatus), (6 bytes).
    Removing gowin_m3_gpio.o(i.GPIO_GetOutEnable), (6 bytes).
    Removing gowin_m3_gpio.o(i.GPIO_IntClear), (8 bytes).
    Removing gowin_m3_gpio.o(i.GPIO_MaskedWrite), (28 bytes).
    Removing gowin_m3_gpio.o(i.GPIO_ReadBits), (6 bytes).
    Removing gowin_m3_gpio.o(i.GPIO_ResetBit), (8 bytes).
    Removing gowin_m3_gpio.o(i.GPIO_SetAltFunc), (8 bytes).
    Removing gowin_m3_gpio.o(i.GPIO_SetBit), (8 bytes).
    Removing gowin_m3_gpio.o(i.GPIO_SetIntEnable), (12 bytes).
    Removing gowin_m3_gpio.o(i.GPIO_SetIntFallingEdge), (20 bytes).
    Removing gowin_m3_gpio.o(i.GPIO_SetIntHighLevel), (20 bytes).
    Removing gowin_m3_gpio.o(i.GPIO_SetIntLowLevel), (20 bytes).
    Removing gowin_m3_gpio.o(i.GPIO_SetIntRisingEdge), (20 bytes).
    Removing gowin_m3_gpio.o(i.GPIO_SetOutEnable), (8 bytes).
    Removing gowin_m3_i2c.o(i.Delay_ms_i2c), (36 bytes).
    Removing gowin_m3_i2c.o(i.I2C_Enable), (10 bytes).
    Removing gowin_m3_i2c.o(i.I2C_Init), (46 bytes).
    Removing gowin_m3_i2c.o(i.I2C_InterruptClose), (10 bytes).
    Removing gowin_m3_i2c.o(i.I2C_InterruptOpen), (10 bytes).
    Removing gowin_m3_i2c.o(i.I2C_Rate_Set), (32 bytes).
    Removing gowin_m3_i2c.o(i.I2C_ReadBytes), (44 bytes).
    Removing gowin_m3_i2c.o(i.I2C_ReceiveByte), (140 bytes).
    Removing gowin_m3_i2c.o(i.I2C_ReceiveData), (164 bytes).
    Removing gowin_m3_i2c.o(i.I2C_SendByte), (124 bytes).
    Removing gowin_m3_i2c.o(i.I2C_SendBytes), (44 bytes).
    Removing gowin_m3_i2c.o(i.I2C_SendData), (158 bytes).
    Removing gowin_m3_i2c.o(i.I2C_UnEnable), (8 bytes).
    Removing gowin_m3_misc.o(i.NVIC_Init), (112 bytes).
    Removing gowin_m3_misc.o(i.NVIC_PriorityGroupConfig), (20 bytes).
    Removing gowin_m3_misc.o(i.NVIC_SetVectorTable), (20 bytes).
    Removing gowin_m3_misc.o(i.SysTick_CLKSourceConfig), (18 bytes).
    Removing gowin_m3_rtc.o(i.Clear_RTC_interrupt), (12 bytes).
    Removing gowin_m3_rtc.o(i.Close_RTC), (12 bytes).
    Removing gowin_m3_rtc.o(i.Get_Current_Value), (12 bytes).
    Removing gowin_m3_rtc.o(i.Get_Load_Value), (12 bytes).
    Removing gowin_m3_rtc.o(i.Get_Match_Value), (12 bytes).
    Removing gowin_m3_rtc.o(i.Get_RTC_Control_value), (12 bytes).
    Removing gowin_m3_rtc.o(i.Get_RTC_Inter_Mask_value), (12 bytes).
    Removing gowin_m3_rtc.o(i.RTC_Inter_Mask_Clr), (12 bytes).
    Removing gowin_m3_rtc.o(i.RTC_Inter_Mask_Set), (12 bytes).
    Removing gowin_m3_rtc.o(i.RTC_init), (24 bytes).
    Removing gowin_m3_rtc.o(i.Set_Load_Value), (12 bytes).
    Removing gowin_m3_rtc.o(i.Set_Match_Value), (12 bytes).
    Removing gowin_m3_rtc.o(i.Start_RTC), (12 bytes).
    Removing gowin_m3_spi.o(i.SPI_ClrDirection), (20 bytes).
    Removing gowin_m3_spi.o(i.SPI_ClrErrStatus), (20 bytes).
    Removing gowin_m3_spi.o(i.SPI_ClrPhase), (20 bytes).
    Removing gowin_m3_spi.o(i.SPI_ClrPolarity), (20 bytes).
    Removing gowin_m3_spi.o(i.SPI_ClrRoeStatus), (20 bytes).
    Removing gowin_m3_spi.o(i.SPI_ClrToeStatus), (20 bytes).
    Removing gowin_m3_spi.o(i.SPI_GetClkSel), (16 bytes).
    Removing gowin_m3_spi.o(i.SPI_GetDirection), (16 bytes).
    Removing gowin_m3_spi.o(i.SPI_GetErrStatus), (16 bytes).
    Removing gowin_m3_spi.o(i.SPI_GetPhase), (16 bytes).
    Removing gowin_m3_spi.o(i.SPI_GetPolarity), (16 bytes).
    Removing gowin_m3_spi.o(i.SPI_GetRoeStatus), (16 bytes).
    Removing gowin_m3_spi.o(i.SPI_GetRrdyStatus), (16 bytes).
    Removing gowin_m3_spi.o(i.SPI_GetTmtStatus), (16 bytes).
    Removing gowin_m3_spi.o(i.SPI_GetToeStatus), (16 bytes).
    Removing gowin_m3_spi.o(i.SPI_GetTrdyStatus), (16 bytes).
    Removing gowin_m3_spi.o(i.SPI_Init), (60 bytes).
    Removing gowin_m3_spi.o(i.SPI_ReadData), (10 bytes).
    Removing gowin_m3_spi.o(i.SPI_ReadWriteByte), (48 bytes).
    Removing gowin_m3_spi.o(i.SPI_Select_Slave), (12 bytes).
    Removing gowin_m3_spi.o(i.SPI_SetClkSel), (36 bytes).
    Removing gowin_m3_spi.o(i.SPI_SetDirection), (20 bytes).
    Removing gowin_m3_spi.o(i.SPI_SetPhase), (20 bytes).
    Removing gowin_m3_spi.o(i.SPI_SetPolarity), (20 bytes).
    Removing gowin_m3_spi.o(i.SPI_WriteData), (12 bytes).
    Removing gowin_m3_spi_flash.o(i.change_mode_spi_flash), (28 bytes).
    Removing gowin_m3_spi_flash.o(i.spi_flash_init), (212 bytes).
    Removing gowin_m3_spi_flash.o(i.spi_flash_page_program), (112 bytes).
    Removing gowin_m3_spi_flash.o(i.spi_flash_read), (80 bytes).
    Removing gowin_m3_spi_flash.o(i.spi_flash_read_status), (52 bytes).
    Removing gowin_m3_spi_flash.o(i.spi_flash_sector_erase), (112 bytes).
    Removing gowin_m3_spi_flash.o(i.spi_flash_write), (112 bytes).
    Removing gowin_m3_spi_flash.o(i.spi_flash_write_cmd), (68 bytes).
    Removing gowin_m3_spi_flash.o(i.spi_get_fifo_depth), (22 bytes).
    Removing gowin_m3_timer.o(i.TIMER_ClearIRQ), (6 bytes).
    Removing gowin_m3_timer.o(i.TIMER_DisableIRQ), (10 bytes).
    Removing gowin_m3_timer.o(i.TIMER_EnableIRQ), (10 bytes).
    Removing gowin_m3_timer.o(i.TIMER_GetIRQStatus), (8 bytes).
    Removing gowin_m3_timer.o(i.TIMER_GetReload), (6 bytes).
    Removing gowin_m3_timer.o(i.TIMER_GetValue), (6 bytes).
    Removing gowin_m3_timer.o(i.TIMER_Init), (84 bytes).
    Removing gowin_m3_timer.o(i.TIMER_SelExtClock), (16 bytes).
    Removing gowin_m3_timer.o(i.TIMER_SelExtEnable), (16 bytes).
    Removing gowin_m3_timer.o(i.TIMER_SetReload), (4 bytes).
    Removing gowin_m3_timer.o(i.TIMER_SetValue), (4 bytes).
    Removing gowin_m3_timer.o(i.TIMER_StartTimer), (10 bytes).
    Removing gowin_m3_timer.o(i.TIMER_StopTimer), (10 bytes).
    Removing gowin_m3_uart.o(i.UART_ClearRxBufferOverrunStatus), (6 bytes).
    Removing gowin_m3_uart.o(i.UART_ClearRxOverrunIRQ), (6 bytes).
    Removing gowin_m3_uart.o(i.UART_ClearTxBufferOverrunStatus), (6 bytes).
    Removing gowin_m3_uart.o(i.UART_ClearTxIRQ), (6 bytes).
    Removing gowin_m3_uart.o(i.UART_ClearTxOverrunIRQ), (6 bytes).
    Removing gowin_m3_uart.o(i.UART_ClrHSTM), (10 bytes).
    Removing gowin_m3_uart.o(i.UART_GetBaudDivider), (6 bytes).
    Removing gowin_m3_uart.o(i.UART_GetRxBufferFull), (10 bytes).
    Removing gowin_m3_uart.o(i.UART_GetRxBufferOverrunStatus), (10 bytes).
    Removing gowin_m3_uart.o(i.UART_GetRxOverrunIRQStatus), (10 bytes).
    Removing gowin_m3_uart.o(i.UART_GetTxBufferFull), (10 bytes).
    Removing gowin_m3_uart.o(i.UART_GetTxBufferOverrunStatus), (10 bytes).
    Removing gowin_m3_uart.o(i.UART_GetTxIRQStatus), (10 bytes).
    Removing gowin_m3_uart.o(i.UART_GetTxOverrunIRQStatus), (10 bytes).
    Removing gowin_m3_uart.o(i.UART_SendString), (28 bytes).
    Removing gowin_m3_uart.o(i.UART_SetHSTM), (10 bytes).
    Removing gowin_m3_wdog.o(i.WDOG_ClrITModeEnable), (20 bytes).
    Removing gowin_m3_wdog.o(i.WDOG_ClrITOP), (16 bytes).
    Removing gowin_m3_wdog.o(i.WDOG_ClrIntEnable), (12 bytes).
    Removing gowin_m3_wdog.o(i.WDOG_GetCounterValue), (12 bytes).
    Removing gowin_m3_wdog.o(i.WDOG_GetITModeStatus), (20 bytes).
    Removing gowin_m3_wdog.o(i.WDOG_GetITOPIntStatus), (20 bytes).
    Removing gowin_m3_wdog.o(i.WDOG_GetITOPResStatus), (20 bytes).
    Removing gowin_m3_wdog.o(i.WDOG_GetIntStatus), (20 bytes).
    Removing gowin_m3_wdog.o(i.WDOG_GetMaskIntStatus), (20 bytes).
    Removing gowin_m3_wdog.o(i.WDOG_GetRawIntStatus), (20 bytes).
    Removing gowin_m3_wdog.o(i.WDOG_GetResStatus), (20 bytes).
    Removing gowin_m3_wdog.o(i.WDOG_Init), (164 bytes).
    Removing gowin_m3_wdog.o(i.WDOG_LockWriteAccess), (12 bytes).
    Removing gowin_m3_wdog.o(i.WDOG_RestartCounter), (12 bytes).
    Removing gowin_m3_wdog.o(i.WDOG_SetITModeEnable), (20 bytes).
    Removing gowin_m3_wdog.o(i.WDOG_SetITOP), (12 bytes).
    Removing gowin_m3_wdog.o(i.WDOG_SetIntEnable), (20 bytes).
    Removing gowin_m3_wdog.o(i.WDOG_SetResetEnable), (20 bytes).
    Removing gowin_m3_wdog.o(i.WDOG_UnlockWriteAccess), (16 bytes).
    Removing app.o(i.uart0_irq_app), (252 bytes).
    Removing app.o(.conststring), (66 bytes).
    Removing app_if.o(i.app_call_if), (64 bytes).
    Removing malloc.o(i.mem_free), (68 bytes).
    Removing malloc.o(i.mem_init), (44 bytes).
    Removing malloc.o(i.mem_malloc), (116 bytes).
    Removing malloc.o(i.mem_perused), (44 bytes).
    Removing malloc.o(i.myfree), (28 bytes).
    Removing malloc.o(i.mymalloc), (32 bytes).
    Removing malloc.o(i.mymemcmp), (40 bytes).
    Removing malloc.o(i.mymemcpy), (26 bytes).
    Removing malloc.o(i.mymemset), (20 bytes).
    Removing malloc.o(.bss), (3708 bytes).
    Removing malloc.o(.constdata), (12 bytes).
    Removing malloc.o(.data), (20 bytes).
    Removing retarget.o(i._ferror), (8 bytes).
    Removing retarget.o(i._ttywrch), (32 bytes).

163 unused section(s) (total 8838 bytes) removed from the image.

==============================================================================

Image Symbol Table

    Local Symbols

    Symbol Name                              Value     Ov Type        Size  Object(Section)

    ../clib/angel/boardlib.s                 0x00000000   Number         0  boardinit2.o ABSOLUTE
    ../clib/angel/boardlib.s                 0x00000000   Number         0  boardshut.o ABSOLUTE
    ../clib/angel/boardlib.s                 0x00000000   Number         0  boardinit1.o ABSOLUTE
    ../clib/angel/boardlib.s                 0x00000000   Number         0  boardinit3.o ABSOLUTE
    ../clib/angel/handlers.s                 0x00000000   Number         0  __scatter_zi.o ABSOLUTE
    ../clib/angel/handlers.s                 0x00000000   Number         0  __scatter_copy.o ABSOLUTE
    ../clib/angel/kernel.s                   0x00000000   Number         0  __rtentry.o ABSOLUTE
    ../clib/angel/kernel.s                   0x00000000   Number         0  __rtentry2.o ABSOLUTE
    ../clib/angel/kernel.s                   0x00000000   Number         0  rtexit.o ABSOLUTE
    ../clib/angel/kernel.s                   0x00000000   Number         0  rtexit2.o ABSOLUTE
    ../clib/angel/kernel.s                   0x00000000   Number         0  __rtentry4.o ABSOLUTE
    ../clib/angel/rt.s                       0x00000000   Number         0  rt_locale.o ABSOLUTE
    ../clib/angel/rt.s                       0x00000000   Number         0  rt_heap_descriptor_intlibspace.o ABSOLUTE
    ../clib/angel/rt.s                       0x00000000   Number         0  rt_locale_intlibspace.o ABSOLUTE
    ../clib/angel/rt.s                       0x00000000   Number         0  rt_heap_descriptor.o ABSOLUTE
    ../clib/angel/rt.s                       0x00000000   Number         0  rt_ctype_table.o ABSOLUTE
    ../clib/angel/rt.s                       0x00000000   Number         0  rt_raise.o ABSOLUTE
    ../clib/angel/scatter.s                  0x00000000   Number         0  __scatter.o ABSOLUTE
    ../clib/angel/startup.s                  0x00000000   Number         0  __main.o ABSOLUTE
    ../clib/angel/sys.s                      0x00000000   Number         0  mutex_dummy.o ABSOLUTE
    ../clib/angel/sys.s                      0x00000000   Number         0  sys_stackheap_outer.o ABSOLUTE
    ../clib/angel/sys.s                      0x00000000   Number         0  libspace.o ABSOLUTE
    ../clib/angel/sys.s                      0x00000000   Number         0  indicate_semi.o ABSOLUTE
    ../clib/angel/sys.s                      0x00000000   Number         0  use_no_semi.o ABSOLUTE
    ../clib/angel/sysapp.c                   0x00000000   Number         0  sys_command.o ABSOLUTE
    ../clib/armsys.c                         0x00000000   Number         0  argv_veneer.o ABSOLUTE
    ../clib/armsys.c                         0x00000000   Number         0  no_argv.o ABSOLUTE
    ../clib/armsys.c                         0x00000000   Number         0  _get_argv_nomalloc.o ABSOLUTE
    ../clib/armsys.c                         0x00000000   Number         0  _get_argv.o ABSOLUTE
    ../clib/armsys.c                         0x00000000   Number         0  argv_veneer.o ABSOLUTE
    ../clib/ctype.c                          0x00000000   Number         0  isspace.o ABSOLUTE
    ../clib/heap1.c                          0x00000000   Number         0  h1_free.o ABSOLUTE
    ../clib/heap1.c                          0x00000000   Number         0  h1_final_mt.o ABSOLUTE
    ../clib/heap1.c                          0x00000000   Number         0  h1_final.o ABSOLUTE
    ../clib/heap1.c                          0x00000000   Number         0  h1_free_mt.o ABSOLUTE
    ../clib/heap1.c                          0x00000000   Number         0  h1_init.o ABSOLUTE
    ../clib/heap1.c                          0x00000000   Number         0  h1_extend.o ABSOLUTE
    ../clib/heap1.c                          0x00000000   Number         0  h1_init_mt.o ABSOLUTE
    ../clib/heap1.c                          0x00000000   Number         0  h1_extend_mt.o ABSOLUTE
    ../clib/heap1.c                          0x00000000   Number         0  h1_alloc_mt.o ABSOLUTE
    ../clib/heap1.c                          0x00000000   Number         0  h1_alloc.o ABSOLUTE
    ../clib/heap2.c                          0x00000000   Number         0  heap2mt.o ABSOLUTE
    ../clib/heap2.c                          0x00000000   Number         0  heap2.o ABSOLUTE
    ../clib/heap2.c                          0x00000000   Number         0  fdtree.o ABSOLUTE
    ../clib/heapalloc.c                      0x00000000   Number         0  maybetermalloc1.o ABSOLUTE
    ../clib/heapalloc.c                      0x00000000   Number         0  heapstubs.o ABSOLUTE
    ../clib/heapalloc.c                      0x00000000   Number         0  malloc.o ABSOLUTE
    ../clib/heapalloc.c                      0x00000000   Number         0  init_alloc.o ABSOLUTE
    ../clib/heapalloc.c                      0x00000000   Number         0  term_alloc.o ABSOLUTE
    ../clib/heapalloc.c                      0x00000000   Number         0  hrguard.o ABSOLUTE
    ../clib/heapalloc.c                      0x00000000   Number         0  free.o ABSOLUTE
    ../clib/heapalloc.c                      0x00000000   Number         0  maybetermalloc2.o ABSOLUTE
    ../clib/heapalloc.c                      0x00000000   Number         0  hguard.o ABSOLUTE
    ../clib/heapalloc.c                      0x00000000   Number         0  maybetermalloc2.o ABSOLUTE
    ../clib/heapalloc.c                      0x00000000   Number         0  maybetermalloc1.o ABSOLUTE
    ../clib/heapaux.c                        0x00000000   Number         0  heapauxa.o ABSOLUTE
    ../clib/heapaux.c                        0x00000000   Number         0  heapauxi.o ABSOLUTE
    ../clib/libinit.s                        0x00000000   Number         0  libinit2.o ABSOLUTE
    ../clib/libinit.s                        0x00000000   Number         0  libshutdown2.o ABSOLUTE
    ../clib/libinit.s                        0x00000000   Number         0  libshutdown.o ABSOLUTE
    ../clib/libinit.s                        0x00000000   Number         0  libinit.o ABSOLUTE
    ../clib/locale.s                         0x00000000   Number         0  lc_ctype_c.o ABSOLUTE
    ../clib/memcpset.s                       0x00000000   Number         0  strcmpv7m.o ABSOLUTE
    ../clib/memcpset.s                       0x00000000   Number         0  rt_memcpy_w.o ABSOLUTE
    ../clib/printf.c                         0x00000000   Number         0  __printf.o ABSOLUTE
    ../clib/printf.c                         0x00000000   Number         0  noretval__2printf.o ABSOLUTE
    ../clib/printf.c                         0x00000000   Number         0  __2printf.o ABSOLUTE
    ../clib/printf.c                         0x00000000   Number         0  __printf_flags_ss_wp.o ABSOLUTE
    ../clib/printf.c                         0x00000000   Number         0  _printf_char_common.o ABSOLUTE
    ../clib/printf.c                         0x00000000   Number         0  _printf_str.o ABSOLUTE
    ../clib/printf.c                         0x00000000   Number         0  _printf_char_file.o ABSOLUTE
    ../clib/printf.c                         0x00000000   Number         0  _printf_char.o ABSOLUTE
    ../clib/printf.c                         0x00000000   Number         0  __printf_nopercent.o ABSOLUTE
    ../clib/printf.c                         0x00000000   Number         0  __printf_wp.o ABSOLUTE
    ../clib/printf.c                         0x00000000   Number         0  __printf_flags_wp.o ABSOLUTE
    ../clib/printf.c                         0x00000000   Number         0  __printf_flags_ss.o ABSOLUTE
    ../clib/printf.c                         0x00000000   Number         0  __printf_ss.o ABSOLUTE
    ../clib/printf.c                         0x00000000   Number         0  __printf_flags.o ABSOLUTE
    ../clib/printf.c                         0x00000000   Number         0  __printf_ss_wp.o ABSOLUTE
    ../clib/printf_percent.s                 0x00000000   Number         0  _printf_percent.o ABSOLUTE
    ../clib/printf_percent.s                 0x00000000   Number         0  _printf_c.o ABSOLUTE
    ../clib/printf_percent.s                 0x00000000   Number         0  _printf_s.o ABSOLUTE
    ../clib/printf_percent.s                 0x00000000   Number         0  _printf_percent_end.o ABSOLUTE
    ../clib/scanf.c                          0x00000000   Number         0  _scanf.o ABSOLUTE
    ../clib/scanf.c                          0x00000000   Number         0  scanf_char_file.o ABSOLUTE
    ../clib/scanf.c                          0x00000000   Number         0  __0scanf.o ABSOLUTE
    ../clib/scanf.c                          0x00000000   Number         0  _scanf_str.o ABSOLUTE
    ../clib/scanf.c                          0x00000000   Number         0  scanf_char.o ABSOLUTE
    ../clib/signal.c                         0x00000000   Number         0  defsig_rtmem_outer.o ABSOLUTE
    ../clib/signal.c                         0x00000000   Number         0  defsig_rtmem_formal.o ABSOLUTE
    ../clib/signal.c                         0x00000000   Number         0  defsig_rtmem_inner.o ABSOLUTE
    ../clib/signal.c                         0x00000000   Number         0  defsig_exit.o ABSOLUTE
    ../clib/signal.c                         0x00000000   Number         0  defsig_general.o ABSOLUTE
    ../clib/signal.c                         0x00000000   Number         0  defsig_other.o ABSOLUTE
    ../clib/signal.c                         0x00000000   Number         0  defsig_segv_inner.o ABSOLUTE
    ../clib/signal.c                         0x00000000   Number         0  defsig_pvfn_inner.o ABSOLUTE
    ../clib/signal.c                         0x00000000   Number         0  defsig_stak_inner.o ABSOLUTE
    ../clib/signal.c                         0x00000000   Number         0  defsig_rtred_inner.o ABSOLUTE
    ../clib/signal.c                         0x00000000   Number         0  defsig_fpe_inner.o ABSOLUTE
    ../clib/signal.c                         0x00000000   Number         0  defsig_abrt_inner.o ABSOLUTE
    ../clib/signal.c                         0x00000000   Number         0  __raise.o ABSOLUTE
    ../clib/signal.c                         0x00000000   Number         0  defsig_cppl_inner.o ABSOLUTE
    ../clib/signal.s                         0x00000000   Number         0  defsig.o ABSOLUTE
    ../clib/stdio.c                          0x00000000   Number         0  ferror_locked.o ABSOLUTE
    ../clib/stdio.c                          0x00000000   Number         0  backspace.o ABSOLUTE
    ../clib/stdio.c                          0x00000000   Number         0  ferror.o ABSOLUTE
    ../clib/stdio.c                          0x00000000   Number         0  backspace_locked.o ABSOLUTE
    ../clib/stdio.c                          0x00000000   Number         0  ungetc.o ABSOLUTE
    ../clib/stdlib.c                         0x00000000   Number         0  exit.o ABSOLUTE
    ../fplib/fpinit.s                        0x00000000   Number         0  fpinit.o ABSOLUTE
    ..\APP\app.c                             0x00000000   Number         0  app.o ABSOLUTE
    ..\CORE\core_cm3.c                       0x00000000   Number         0  core_cm3.o ABSOLUTE
    ..\PERIPHERALS\Sources\GOWIN_M3_ddr3.c   0x00000000   Number         0  gowin_m3_ddr3.o ABSOLUTE
    ..\PERIPHERALS\Sources\GOWIN_M3_ethernet.c 0x00000000   Number         0  gowin_m3_ethernet.o ABSOLUTE
    ..\PERIPHERALS\Sources\GOWIN_M3_gpio.c   0x00000000   Number         0  gowin_m3_gpio.o ABSOLUTE
    ..\PERIPHERALS\Sources\GOWIN_M3_i2c.c    0x00000000   Number         0  gowin_m3_i2c.o ABSOLUTE
    ..\PERIPHERALS\Sources\GOWIN_M3_misc.c   0x00000000   Number         0  gowin_m3_misc.o ABSOLUTE
    ..\PERIPHERALS\Sources\GOWIN_M3_rtc.c    0x00000000   Number         0  gowin_m3_rtc.o ABSOLUTE
    ..\PERIPHERALS\Sources\GOWIN_M3_spi.c    0x00000000   Number         0  gowin_m3_spi.o ABSOLUTE
    ..\PERIPHERALS\Sources\GOWIN_M3_spi_flash.c 0x00000000   Number         0  gowin_m3_spi_flash.o ABSOLUTE
    ..\PERIPHERALS\Sources\GOWIN_M3_timer.c  0x00000000   Number         0  gowin_m3_timer.o ABSOLUTE
    ..\PERIPHERALS\Sources\GOWIN_M3_uart.c   0x00000000   Number         0  gowin_m3_uart.o ABSOLUTE
    ..\PERIPHERALS\Sources\GOWIN_M3_wdog.c   0x00000000   Number         0  gowin_m3_wdog.o ABSOLUTE
    ..\STARTUP\startup_GOWIN_M3.s            0x00000000   Number         0  startup_gowin_m3.o ABSOLUTE
    ..\SYSTEM\system_GOWIN_M3.c              0x00000000   Number         0  system_gowin_m3.o ABSOLUTE
    ..\USER\GOWIN_M3_it.c                    0x00000000   Number         0  gowin_m3_it.o ABSOLUTE
    ..\USER\app_if.c                         0x00000000   Number         0  app_if.o ABSOLUTE
    ..\USER\main.c                           0x00000000   Number         0  main.o ABSOLUTE
    ..\USER\malloc.c                         0x00000000   Number         0  malloc.o ABSOLUTE
    ..\USER\retarget.c                       0x00000000   Number         0  retarget.o ABSOLUTE
    ..\\CORE\\core_cm3.c                     0x00000000   Number         0  core_cm3.o ABSOLUTE
    cmd_line.c                               0x00000000   Number         0  cmd_line.o ABSOLUTE
    dc.s                                     0x00000000   Number         0  dc.o ABSOLUTE
    RESET                                    0x00000400   Section      256  startup_gowin_m3.o(RESET)
    !!!main                                  0x00000500   Section        8  __main.o(!!!main)
    !!!scatter                               0x00000508   Section       52  __scatter.o(!!!scatter)
    !!handler_copy                           0x0000053c   Section       26  __scatter_copy.o(!!handler_copy)
    !!handler_zi                             0x00000558   Section       28  __scatter_zi.o(!!handler_zi)
    .ARM.Collect$$_printf_percent$$00000000  0x00000574   Section        0  _printf_percent.o(.ARM.Collect$$_printf_percent$$00000000)
    .ARM.Collect$$_printf_percent$$00000013  0x00000574   Section        6  _printf_c.o(.ARM.Collect$$_printf_percent$$00000013)
    .ARM.Collect$$_printf_percent$$00000014  0x0000057a   Section        6  _printf_s.o(.ARM.Collect$$_printf_percent$$00000014)
    .ARM.Collect$$_printf_percent$$00000017  0x00000580   Section        4  _printf_percent_end.o(.ARM.Collect$$_printf_percent$$00000017)
    .ARM.Collect$$libinit$$00000000          0x00000584   Section        2  libinit.o(.ARM.Collect$$libinit$$00000000)
    .ARM.Collect$$libinit$$00000002          0x00000586   Section        0  libinit2.o(.ARM.Collect$$libinit$$00000002)
    .ARM.Collect$$libinit$$00000004          0x00000586   Section        0  libinit2.o(.ARM.Collect$$libinit$$00000004)
    .ARM.Collect$$libinit$$0000000A          0x00000586   Section        0  libinit2.o(.ARM.Collect$$libinit$$0000000A)
    .ARM.Collect$$libinit$$0000000C          0x00000586   Section        0  libinit2.o(.ARM.Collect$$libinit$$0000000C)
    .ARM.Collect$$libinit$$0000000E          0x00000586   Section        0  libinit2.o(.ARM.Collect$$libinit$$0000000E)
    .ARM.Collect$$libinit$$0000000F          0x00000586   Section        6  libinit2.o(.ARM.Collect$$libinit$$0000000F)
    .ARM.Collect$$libinit$$00000011          0x0000058c   Section        0  libinit2.o(.ARM.Collect$$libinit$$00000011)
    .ARM.Collect$$libinit$$00000012          0x0000058c   Section       12  libinit2.o(.ARM.Collect$$libinit$$00000012)
    .ARM.Collect$$libinit$$00000013          0x00000598   Section        0  libinit2.o(.ARM.Collect$$libinit$$00000013)
    .ARM.Collect$$libinit$$00000015          0x00000598   Section        0  libinit2.o(.ARM.Collect$$libinit$$00000015)
    .ARM.Collect$$libinit$$00000017          0x00000598   Section        0  libinit2.o(.ARM.Collect$$libinit$$00000017)
    .ARM.Collect$$libinit$$00000019          0x00000598   Section        0  libinit2.o(.ARM.Collect$$libinit$$00000019)
    .ARM.Collect$$libinit$$0000001B          0x00000598   Section        0  libinit2.o(.ARM.Collect$$libinit$$0000001B)
    .ARM.Collect$$libinit$$0000001D          0x00000598   Section        0  libinit2.o(.ARM.Collect$$libinit$$0000001D)
    .ARM.Collect$$libinit$$0000001F          0x00000598   Section        0  libinit2.o(.ARM.Collect$$libinit$$0000001F)
    .ARM.Collect$$libinit$$00000021          0x00000598   Section        0  libinit2.o(.ARM.Collect$$libinit$$00000021)
    .ARM.Collect$$libinit$$00000023          0x00000598   Section        0  libinit2.o(.ARM.Collect$$libinit$$00000023)
    .ARM.Collect$$libinit$$00000025          0x00000598   Section        0  libinit2.o(.ARM.Collect$$libinit$$00000025)
    .ARM.Collect$$libinit$$0000002C          0x00000598   Section        0  libinit2.o(.ARM.Collect$$libinit$$0000002C)
    .ARM.Collect$$libinit$$0000002E          0x00000598   Section        0  libinit2.o(.ARM.Collect$$libinit$$0000002E)
    .ARM.Collect$$libinit$$00000030          0x00000598   Section        0  libinit2.o(.ARM.Collect$$libinit$$00000030)
    .ARM.Collect$$libinit$$00000032          0x00000598   Section        0  libinit2.o(.ARM.Collect$$libinit$$00000032)
    .ARM.Collect$$libinit$$00000033          0x00000598   Section        2  libinit2.o(.ARM.Collect$$libinit$$00000033)
    .ARM.Collect$$libshutdown$$00000000      0x0000059a   Section        2  libshutdown.o(.ARM.Collect$$libshutdown$$00000000)
    .ARM.Collect$$libshutdown$$00000002      0x0000059c   Section        0  libshutdown2.o(.ARM.Collect$$libshutdown$$00000002)
    .ARM.Collect$$libshutdown$$00000004      0x0000059c   Section        0  libshutdown2.o(.ARM.Collect$$libshutdown$$00000004)
    .ARM.Collect$$libshutdown$$00000007      0x0000059c   Section        0  libshutdown2.o(.ARM.Collect$$libshutdown$$00000007)
    .ARM.Collect$$libshutdown$$0000000A      0x0000059c   Section        0  libshutdown2.o(.ARM.Collect$$libshutdown$$0000000A)
    .ARM.Collect$$libshutdown$$0000000C      0x0000059c   Section        0  libshutdown2.o(.ARM.Collect$$libshutdown$$0000000C)
    .ARM.Collect$$libshutdown$$0000000F      0x0000059c   Section        0  libshutdown2.o(.ARM.Collect$$libshutdown$$0000000F)
    .ARM.Collect$$libshutdown$$00000010      0x0000059c   Section        2  libshutdown2.o(.ARM.Collect$$libshutdown$$00000010)
    .ARM.Collect$$rtentry$$00000000          0x0000059e   Section        0  __rtentry.o(.ARM.Collect$$rtentry$$00000000)
    .ARM.Collect$$rtentry$$00000002          0x0000059e   Section        0  __rtentry2.o(.ARM.Collect$$rtentry$$00000002)
    .ARM.Collect$$rtentry$$00000004          0x0000059e   Section        6  __rtentry4.o(.ARM.Collect$$rtentry$$00000004)
    .ARM.Collect$$rtentry$$00000009          0x000005a4   Section        0  __rtentry2.o(.ARM.Collect$$rtentry$$00000009)
    .ARM.Collect$$rtentry$$0000000A          0x000005a4   Section        4  __rtentry2.o(.ARM.Collect$$rtentry$$0000000A)
    .ARM.Collect$$rtentry$$0000000C          0x000005a8   Section        0  __rtentry2.o(.ARM.Collect$$rtentry$$0000000C)
    .ARM.Collect$$rtentry$$0000000D          0x000005a8   Section        8  __rtentry2.o(.ARM.Collect$$rtentry$$0000000D)
    .ARM.Collect$$rtexit$$00000000           0x000005b0   Section        2  rtexit.o(.ARM.Collect$$rtexit$$00000000)
    .ARM.Collect$$rtexit$$00000002           0x000005b2   Section        0  rtexit2.o(.ARM.Collect$$rtexit$$00000002)
    .ARM.Collect$$rtexit$$00000003           0x000005b2   Section        4  rtexit2.o(.ARM.Collect$$rtexit$$00000003)
    .ARM.Collect$$rtexit$$00000004           0x000005b6   Section        6  rtexit2.o(.ARM.Collect$$rtexit$$00000004)
    .text                                    0x000005bc   Section       64  startup_gowin_m3.o(.text)
    .text                                    0x000005fc   Section        2  use_no_semi.o(.text)
    .text                                    0x000005fe   Section        0  h1_free.o(.text)
    .text                                    0x0000064c   Section        0  noretval__2printf.o(.text)
    .text                                    0x00000664   Section        0  __printf.o(.text)
    .text                                    0x000006cc   Section        0  _printf_str.o(.text)
    .text                                    0x00000720   Section        0  __0scanf.o(.text)
    .text                                    0x00000740   Section        0  _scanf_str.o(.text)
    .text                                    0x00000820   Section      128  strcmpv7m.o(.text)
    .text                                    0x000008a0   Section        0  heapauxi.o(.text)
    .text                                    0x000008a8   Section        8  rt_heap_descriptor_intlibspace.o(.text)
    .text                                    0x000008b0   Section        0  _printf_char.o(.text)
    .text                                    0x000008dc   Section        0  _printf_char_file.o(.text)
    .text                                    0x00000900   Section        0  scanf_char_file.o(.text)
    .text                                    0x00000918   Section        8  libspace.o(.text)
    .text                                    0x00000920   Section        0  _printf_char_common.o(.text)
    _printf_input_char                       0x00000921   Thumb Code    10  _printf_char_common.o(.text)
    .text                                    0x00000950   Section        0  scanf_char.o(.text)
    _scanf_char_input                        0x00000951   Thumb Code    12  scanf_char.o(.text)
    .text                                    0x0000097c   Section        0  backspace.o(.text)
    .text                                    0x000009c4   Section        0  ferror.o(.text)
    .text                                    0x000009cc   Section       74  sys_stackheap_outer.o(.text)
    .text                                    0x00000a16   Section        0  isspace.o(.text)
    .text                                    0x00000a28   Section        0  _scanf.o(.text)
    .text                                    0x00000d9c   Section        0  ungetc.o(.text)
    .text                                    0x00000de4   Section        0  exit.o(.text)
    .text                                    0x00000df8   Section       16  rt_ctype_table.o(.text)
    .text                                    0x00000e08   Section        8  rt_locale_intlibspace.o(.text)
    i.BusFault_Handler                       0x00000e10   Section        0  gowin_m3_it.o(i.BusFault_Handler)
    i.DebugMon_Handler                       0x00000e14   Section        0  gowin_m3_it.o(i.DebugMon_Handler)
    i.GPIO0_0_Handler                        0x00000e16   Section        0  gowin_m3_it.o(i.GPIO0_0_Handler)
    i.GPIO0_10_Handler                       0x00000e18   Section        0  gowin_m3_it.o(i.GPIO0_10_Handler)
    i.GPIO0_11_Handler                       0x00000e1a   Section        0  gowin_m3_it.o(i.GPIO0_11_Handler)
    i.GPIO0_12_Handler                       0x00000e1c   Section        0  gowin_m3_it.o(i.GPIO0_12_Handler)
    i.GPIO0_13_Handler                       0x00000e1e   Section        0  gowin_m3_it.o(i.GPIO0_13_Handler)
    i.GPIO0_14_Handler                       0x00000e20   Section        0  gowin_m3_it.o(i.GPIO0_14_Handler)
    i.GPIO0_15_Handler                       0x00000e22   Section        0  gowin_m3_it.o(i.GPIO0_15_Handler)
    i.GPIO0_1_Handler                        0x00000e24   Section        0  gowin_m3_it.o(i.GPIO0_1_Handler)
    i.GPIO0_2_Handler                        0x00000e26   Section        0  gowin_m3_it.o(i.GPIO0_2_Handler)
    i.GPIO0_3_Handler                        0x00000e28   Section        0  gowin_m3_it.o(i.GPIO0_3_Handler)
    i.GPIO0_4_Handler                        0x00000e2a   Section        0  gowin_m3_it.o(i.GPIO0_4_Handler)
    i.GPIO0_5_Handler                        0x00000e2c   Section        0  gowin_m3_it.o(i.GPIO0_5_Handler)
    i.GPIO0_6_Handler                        0x00000e2e   Section        0  gowin_m3_it.o(i.GPIO0_6_Handler)
    i.GPIO0_7_Handler                        0x00000e30   Section        0  gowin_m3_it.o(i.GPIO0_7_Handler)
    i.GPIO0_8_Handler                        0x00000e32   Section        0  gowin_m3_it.o(i.GPIO0_8_Handler)
    i.GPIO0_9_Handler                        0x00000e34   Section        0  gowin_m3_it.o(i.GPIO0_9_Handler)
    i.GPIO0_Handler                          0x00000e36   Section        0  gowin_m3_it.o(i.GPIO0_Handler)
    i.GPIOInit                               0x00000e38   Section        0  app.o(i.GPIOInit)
    i.GPIO_Init                              0x00000e60   Section        0  gowin_m3_gpio.o(i.GPIO_Init)
    i.GPIO_WriteBits                         0x00000f24   Section        0  gowin_m3_gpio.o(i.GPIO_WriteBits)
    i.HardFault_Handler                      0x00000f28   Section        0  gowin_m3_it.o(i.HardFault_Handler)
    i.MemManage_Handler                      0x00000f2c   Section        0  gowin_m3_it.o(i.MemManage_Handler)
    i.NMI_Handler                            0x00000f30   Section        0  gowin_m3_it.o(i.NMI_Handler)
    i.PendSV_Handler                         0x00000f32   Section        0  gowin_m3_it.o(i.PendSV_Handler)
    i.SVC_Handler                            0x00000f34   Section        0  gowin_m3_it.o(i.SVC_Handler)
    i.SystemInit                             0x00000f38   Section        0  system_gowin_m3.o(i.SystemInit)
    i.TIMER1_Handler                         0x00000f48   Section        0  gowin_m3_it.o(i.TIMER1_Handler)
    i.UART0_Handler                          0x00000f4c   Section        0  app.o(i.UART0_Handler)
    i.UART1_Handler                          0x00000fec   Section        0  gowin_m3_it.o(i.UART1_Handler)
    i.UART_ClearRxIRQ                        0x00000fee   Section        0  gowin_m3_uart.o(i.UART_ClearRxIRQ)
    i.UART_GetRxIRQStatus                    0x00000ff4   Section        0  gowin_m3_uart.o(i.UART_GetRxIRQStatus)
    i.UART_Init                              0x00001000   Section        0  gowin_m3_uart.o(i.UART_Init)
    i.UART_ReceiveChar                       0x00001080   Section        0  gowin_m3_uart.o(i.UART_ReceiveChar)
    i.UART_SendChar                          0x00001094   Section        0  gowin_m3_uart.o(i.UART_SendChar)
    i.USER_INT0_Handler                      0x000010a4   Section        0  gowin_m3_it.o(i.USER_INT0_Handler)
    i.USER_INT10_Handler                     0x000010a6   Section        0  gowin_m3_it.o(i.USER_INT10_Handler)
    i.USER_INT11_Handler                     0x000010a8   Section        0  gowin_m3_it.o(i.USER_INT11_Handler)
    i.USER_INT12_Handler                     0x000010aa   Section        0  gowin_m3_it.o(i.USER_INT12_Handler)
    i.USER_INT13_Handler                     0x000010ac   Section        0  gowin_m3_it.o(i.USER_INT13_Handler)
    i.USER_INT14_Handler                     0x000010ae   Section        0  gowin_m3_it.o(i.USER_INT14_Handler)
    i.USER_INT15_Handler                     0x000010b0   Section        0  gowin_m3_it.o(i.USER_INT15_Handler)
    i.USER_INT1_Handler                      0x000010b2   Section        0  gowin_m3_it.o(i.USER_INT1_Handler)
    i.USER_INT2_Handler                      0x000010b4   Section        0  gowin_m3_it.o(i.USER_INT2_Handler)
    i.USER_INT3_Handler                      0x000010b6   Section        0  gowin_m3_it.o(i.USER_INT3_Handler)
    i.USER_INT4_Handler                      0x000010b8   Section        0  gowin_m3_it.o(i.USER_INT4_Handler)
    i.USER_INT5_Handler                      0x000010ba   Section        0  gowin_m3_it.o(i.USER_INT5_Handler)
    i.USER_INT6_Handler                      0x000010bc   Section        0  gowin_m3_it.o(i.USER_INT6_Handler)
    i.USER_INT7_Handler                      0x000010be   Section        0  gowin_m3_it.o(i.USER_INT7_Handler)
    i.USER_INT8_Handler                      0x000010c0   Section        0  gowin_m3_it.o(i.USER_INT8_Handler)
    i.USER_INT9_Handler                      0x000010c2   Section        0  gowin_m3_it.o(i.USER_INT9_Handler)
    i.UartInit                               0x000010c4   Section        0  app_if.o(i.UartInit)
    i.UsageFault_Handler                     0x000010fc   Section        0  gowin_m3_it.o(i.UsageFault_Handler)
    i._sys_exit                              0x00001100   Section        0  retarget.o(i._sys_exit)
    i.fgetc                                  0x00001104   Section        0  retarget.o(i.fgetc)
    i.fputc                                  0x00001124   Section        0  retarget.o(i.fputc)
    i.main                                   0x00001148   Section        0  main.o(i.main)
    i.start_cmd_line                         0x00001160   Section        0  cmd_line.o(i.start_cmd_line)
    i.sw_edition_print                       0x000013dc   Section        0  cmd_line.o(i.sw_edition_print)
    sw_edition_print                         0x000013dd   Thumb Code    38  cmd_line.o(i.sw_edition_print)
    locale$$code                             0x00001448   Section       44  lc_ctype_c.o(locale$$code)
    .constdata                               0x00001474   Section     1024  cmd_line.o(.constdata)
    .conststring                             0x00001874   Section      134  cmd_line.o(.conststring)
    locale$$data                             0x0000191c   Section      272  lc_ctype_c.o(locale$$data)
    __lcctype_c_name                         0x00001920   Data           2  lc_ctype_c.o(locale$$data)
    __lcctype_c_start                        0x00001928   Data           0  lc_ctype_c.o(locale$$data)
    __lcctype_c_end                          0x00001a2c   Data           0  lc_ctype_c.o(locale$$data)
    .data                                    0x20000000   Section        4  system_gowin_m3.o(.data)
    .data                                    0x20000004   Section       12  retarget.o(.data)
    .bss                                     0x20000010   Section      128  cmd_line.o(.bss)
    .bss                                     0x20000090   Section       96  libspace.o(.bss)
    HEAP                                     0x200000f0   Section     4096  startup_gowin_m3.o(HEAP)
    Heap_Mem                                 0x200000f0   Data        4096  startup_gowin_m3.o(HEAP)
    STACK                                    0x200010f0   Section     4096  startup_gowin_m3.o(STACK)
    Stack_Mem                                0x200010f0   Data        4096  startup_gowin_m3.o(STACK)
    __initial_sp                             0x200020f0   Data           0  startup_gowin_m3.o(STACK)

    Global Symbols

    Symbol Name                              Value     Ov Type        Size  Object(Section)

    BuildAttributes$$THM_ISAv4$P$D$K$B$S$PE$A:L22UL41UL21$X:L11$S22US41US21$IEEE1$IW$USESV6$~STKCKD$USESV7$~SHL$OTIME$ROPI$EBA8$UX$STANDARDLIB$REQ8$PRES8$EABIv2 0x00000000   Number         0  anon$$obj.o ABSOLUTE
    __ARM_use_no_argv                        0x00000000   Number         0  main.o ABSOLUTE
    __ARM_exceptions_init                     - Undefined Weak Reference
    __alloca_initialize                       - Undefined Weak Reference
    __arm_preinit_                            - Undefined Weak Reference
    __cpp_initialize__aeabi_                  - Undefined Weak Reference
    __cxa_finalize                            - Undefined Weak Reference
    __sigvec_lookup                           - Undefined Weak Reference
    __user_heap_extent                        - Undefined Weak Reference
    _atexit_init                              - Undefined Weak Reference
    _call_atexit_fns                          - Undefined Weak Reference
    _clock_init                               - Undefined Weak Reference
    _fp_trap_init                             - Undefined Weak Reference
    _fp_trap_shutdown                         - Undefined Weak Reference
    _get_lc_collate                           - Undefined Weak Reference
    _get_lc_monetary                          - Undefined Weak Reference
    _get_lc_numeric                           - Undefined Weak Reference
    _get_lc_time                              - Undefined Weak Reference
    _getenv_init                              - Undefined Weak Reference
    _handle_redirection                       - Undefined Weak Reference
    _initio                                   - Undefined Weak Reference
    _mutex_acquire                            - Undefined Weak Reference
    _mutex_free                               - Undefined Weak Reference
    _mutex_release                            - Undefined Weak Reference
    _printf_mbtowc                            - Undefined Weak Reference
    _printf_post_padding                      - Undefined Weak Reference
    _printf_pre_padding                       - Undefined Weak Reference
    _rand_init                                - Undefined Weak Reference
    _scanf_int                                - Undefined Weak Reference
    _scanf_longlong                           - Undefined Weak Reference
    _scanf_mbtowc                             - Undefined Weak Reference
    _scanf_real                               - Undefined Weak Reference
    _scanf_wctomb                             - Undefined Weak Reference
    _scanf_wstring                            - Undefined Weak Reference
    _signal_finish                            - Undefined Weak Reference
    _signal_init                              - Undefined Weak Reference
    _terminateio                              - Undefined Weak Reference
    __Vectors_Size                           0x00000100   Number         0  startup_gowin_m3.o ABSOLUTE
    __Vectors                                0x00000400   Data           4  startup_gowin_m3.o(RESET)
    __Vectors_End                            0x00000500   Data           0  startup_gowin_m3.o(RESET)
    __main                                   0x00000501   Thumb Code     8  __main.o(!!!main)
    __scatterload                            0x00000509   Thumb Code     0  __scatter.o(!!!scatter)
    __scatterload_rt2                        0x00000509   Thumb Code    44  __scatter.o(!!!scatter)
    __scatterload_rt2_thumb_only             0x00000509   Thumb Code     0  __scatter.o(!!!scatter)
    __scatterload_null                       0x00000517   Thumb Code     0  __scatter.o(!!!scatter)
    __scatterload_copy                       0x0000053d   Thumb Code    26  __scatter_copy.o(!!handler_copy)
    __scatterload_zeroinit                   0x00000559   Thumb Code    28  __scatter_zi.o(!!handler_zi)
    _printf_c                                0x00000575   Thumb Code     0  _printf_c.o(.ARM.Collect$$_printf_percent$$00000013)
    _printf_percent                          0x00000575   Thumb Code     0  _printf_percent.o(.ARM.Collect$$_printf_percent$$00000000)
    _printf_s                                0x0000057b   Thumb Code     0  _printf_s.o(.ARM.Collect$$_printf_percent$$00000014)
    _printf_percent_end                      0x00000581   Thumb Code     0  _printf_percent_end.o(.ARM.Collect$$_printf_percent$$00000017)
    __rt_lib_init                            0x00000585   Thumb Code     0  libinit.o(.ARM.Collect$$libinit$$00000000)
    __rt_lib_init_fp_1                       0x00000587   Thumb Code     0  libinit2.o(.ARM.Collect$$libinit$$00000002)
    __rt_lib_init_heap_1                     0x00000587   Thumb Code     0  libinit2.o(.ARM.Collect$$libinit$$0000000A)
    __rt_lib_init_lc_common                  0x00000587   Thumb Code     0  libinit2.o(.ARM.Collect$$libinit$$0000000F)
    __rt_lib_init_preinit_1                  0x00000587   Thumb Code     0  libinit2.o(.ARM.Collect$$libinit$$00000004)
    __rt_lib_init_rand_1                     0x00000587   Thumb Code     0  libinit2.o(.ARM.Collect$$libinit$$0000000E)
    __rt_lib_init_user_alloc_1               0x00000587   Thumb Code     0  libinit2.o(.ARM.Collect$$libinit$$0000000C)
    __rt_lib_init_lc_collate_1               0x0000058d   Thumb Code     0  libinit2.o(.ARM.Collect$$libinit$$00000011)
    __rt_lib_init_lc_ctype_2                 0x0000058d   Thumb Code     0  libinit2.o(.ARM.Collect$$libinit$$00000012)
    __rt_lib_init_alloca_1                   0x00000599   Thumb Code     0  libinit2.o(.ARM.Collect$$libinit$$0000002E)
    __rt_lib_init_argv_1                     0x00000599   Thumb Code     0  libinit2.o(.ARM.Collect$$libinit$$0000002C)
    __rt_lib_init_atexit_1                   0x00000599   Thumb Code     0  libinit2.o(.ARM.Collect$$libinit$$0000001B)
    __rt_lib_init_clock_1                    0x00000599   Thumb Code     0  libinit2.o(.ARM.Collect$$libinit$$00000021)
    __rt_lib_init_cpp_1                      0x00000599   Thumb Code     0  libinit2.o(.ARM.Collect$$libinit$$00000032)
    __rt_lib_init_exceptions_1               0x00000599   Thumb Code     0  libinit2.o(.ARM.Collect$$libinit$$00000030)
    __rt_lib_init_fp_trap_1                  0x00000599   Thumb Code     0  libinit2.o(.ARM.Collect$$libinit$$0000001F)
    __rt_lib_init_getenv_1                   0x00000599   Thumb Code     0  libinit2.o(.ARM.Collect$$libinit$$00000023)
    __rt_lib_init_lc_ctype_1                 0x00000599   Thumb Code     0  libinit2.o(.ARM.Collect$$libinit$$00000013)
    __rt_lib_init_lc_monetary_1              0x00000599   Thumb Code     0  libinit2.o(.ARM.Collect$$libinit$$00000015)
    __rt_lib_init_lc_numeric_1               0x00000599   Thumb Code     0  libinit2.o(.ARM.Collect$$libinit$$00000017)
    __rt_lib_init_lc_time_1                  0x00000599   Thumb Code     0  libinit2.o(.ARM.Collect$$libinit$$00000019)
    __rt_lib_init_return                     0x00000599   Thumb Code     0  libinit2.o(.ARM.Collect$$libinit$$00000033)
    __rt_lib_init_signal_1                   0x00000599   Thumb Code     0  libinit2.o(.ARM.Collect$$libinit$$0000001D)
    __rt_lib_init_stdio_1                    0x00000599   Thumb Code     0  libinit2.o(.ARM.Collect$$libinit$$00000025)
    __rt_lib_shutdown                        0x0000059b   Thumb Code     0  libshutdown.o(.ARM.Collect$$libshutdown$$00000000)
    __rt_lib_shutdown_cpp_1                  0x0000059d   Thumb Code     0  libshutdown2.o(.ARM.Collect$$libshutdown$$00000002)
    __rt_lib_shutdown_fp_trap_1              0x0000059d   Thumb Code     0  libshutdown2.o(.ARM.Collect$$libshutdown$$00000007)
    __rt_lib_shutdown_heap_1                 0x0000059d   Thumb Code     0  libshutdown2.o(.ARM.Collect$$libshutdown$$0000000F)
    __rt_lib_shutdown_return                 0x0000059d   Thumb Code     0  libshutdown2.o(.ARM.Collect$$libshutdown$$00000010)
    __rt_lib_shutdown_signal_1               0x0000059d   Thumb Code     0  libshutdown2.o(.ARM.Collect$$libshutdown$$0000000A)
    __rt_lib_shutdown_stdio_1                0x0000059d   Thumb Code     0  libshutdown2.o(.ARM.Collect$$libshutdown$$00000004)
    __rt_lib_shutdown_user_alloc_1           0x0000059d   Thumb Code     0  libshutdown2.o(.ARM.Collect$$libshutdown$$0000000C)
    __rt_entry                               0x0000059f   Thumb Code     0  __rtentry.o(.ARM.Collect$$rtentry$$00000000)
    __rt_entry_presh_1                       0x0000059f   Thumb Code     0  __rtentry2.o(.ARM.Collect$$rtentry$$00000002)
    __rt_entry_sh                            0x0000059f   Thumb Code     0  __rtentry4.o(.ARM.Collect$$rtentry$$00000004)
    __rt_entry_li                            0x000005a5   Thumb Code     0  __rtentry2.o(.ARM.Collect$$rtentry$$0000000A)
    __rt_entry_postsh_1                      0x000005a5   Thumb Code     0  __rtentry2.o(.ARM.Collect$$rtentry$$00000009)
    __rt_entry_main                          0x000005a9   Thumb Code     0  __rtentry2.o(.ARM.Collect$$rtentry$$0000000D)
    __rt_entry_postli_1                      0x000005a9   Thumb Code     0  __rtentry2.o(.ARM.Collect$$rtentry$$0000000C)
    __rt_exit                                0x000005b1   Thumb Code     0  rtexit.o(.ARM.Collect$$rtexit$$00000000)
    __rt_exit_ls                             0x000005b3   Thumb Code     0  rtexit2.o(.ARM.Collect$$rtexit$$00000003)
    __rt_exit_prels_1                        0x000005b3   Thumb Code     0  rtexit2.o(.ARM.Collect$$rtexit$$00000002)
    __rt_exit_exit                           0x000005b7   Thumb Code     0  rtexit2.o(.ARM.Collect$$rtexit$$00000004)
    Reset_Handler                            0x000005bd   Thumb Code     8  startup_gowin_m3.o(.text)
    SysTick_Handler                          0x000005d5   Thumb Code     2  startup_gowin_m3.o(.text)
    ENT_Handler                              0x000005d7   Thumb Code     0  startup_gowin_m3.o(.text)
    I2C_Handler                              0x000005d7   Thumb Code     0  startup_gowin_m3.o(.text)
    Interrupt10_Handler                      0x000005d7   Thumb Code     0  startup_gowin_m3.o(.text)
    Interrupt11_Handler                      0x000005d7   Thumb Code     0  startup_gowin_m3.o(.text)
    Interrupt12_Handler                      0x000005d7   Thumb Code     0  startup_gowin_m3.o(.text)
    Interrupt13_Handler                      0x000005d7   Thumb Code     0  startup_gowin_m3.o(.text)
    Interrupt14_Handler                      0x000005d7   Thumb Code     0  startup_gowin_m3.o(.text)
    Interrupt15_Handler                      0x000005d7   Thumb Code     0  startup_gowin_m3.o(.text)
    Interrupt8_Handler                       0x000005d7   Thumb Code     0  startup_gowin_m3.o(.text)
    RTC_Handler                              0x000005d7   Thumb Code     0  startup_gowin_m3.o(.text)
    TIMER0_Handler                           0x000005d7   Thumb Code     0  startup_gowin_m3.o(.text)
    UARTOVF_Handler                          0x000005d7   Thumb Code     0  startup_gowin_m3.o(.text)
    __user_initial_stackheap                 0x000005d9   Thumb Code    10  startup_gowin_m3.o(.text)
    __I$use$semihosting                      0x000005fd   Thumb Code     0  use_no_semi.o(.text)
    __use_no_semihosting_swi                 0x000005fd   Thumb Code     2  use_no_semi.o(.text)
    free                                     0x000005ff   Thumb Code    78  h1_free.o(.text)
    __2printf                                0x0000064d   Thumb Code    20  noretval__2printf.o(.text)
    __printf                                 0x00000665   Thumb Code   104  __printf.o(.text)
    _printf_str                              0x000006cd   Thumb Code    82  _printf_str.o(.text)
    __0scanf                                 0x00000721   Thumb Code    26  __0scanf.o(.text)
    _scanf_string                            0x00000741   Thumb Code   224  _scanf_str.o(.text)
    strcmp                                   0x00000821   Thumb Code   128  strcmpv7m.o(.text)
    __use_two_region_memory                  0x000008a1   Thumb Code     2  heapauxi.o(.text)
    __rt_heap_escrow                         0x000008a3   Thumb Code     2  heapauxi.o(.text)
    __rt_heap_expand                         0x000008a5   Thumb Code     2  heapauxi.o(.text)
    __rt_heap_descriptor                     0x000008a9   Thumb Code     8  rt_heap_descriptor_intlibspace.o(.text)
    _printf_cs_common                        0x000008b1   Thumb Code    20  _printf_char.o(.text)
    _printf_char                             0x000008c5   Thumb Code    16  _printf_char.o(.text)
    _printf_string                           0x000008d5   Thumb Code     8  _printf_char.o(.text)
    _printf_char_file                        0x000008dd   Thumb Code    32  _printf_char_file.o(.text)
    __vfscanf_char_file                      0x00000901   Thumb Code    16  scanf_char_file.o(.text)
    __user_libspace                          0x00000919   Thumb Code     8  libspace.o(.text)
    __user_perproc_libspace                  0x00000919   Thumb Code     0  libspace.o(.text)
    __user_perthread_libspace                0x00000919   Thumb Code     0  libspace.o(.text)
    _printf_char_common                      0x0000092b   Thumb Code    32  _printf_char_common.o(.text)
    __vfscanf_char                           0x0000095d   Thumb Code    24  scanf_char.o(.text)
    ___backspace$unlocked                    0x0000097d   Thumb Code     2  backspace.o(.text)
    __backspace                              0x0000097f   Thumb Code    70  backspace.o(.text)
    ferror                                   0x000009c5   Thumb Code     8  ferror.o(.text)
    __user_setup_stackheap                   0x000009cd   Thumb Code    74  sys_stackheap_outer.o(.text)
    isspace                                  0x00000a17   Thumb Code    18  isspace.o(.text)
    __vfscanf                                0x00000a29   Thumb Code   878  _scanf.o(.text)
    _ungetc_internal                         0x00000d9d   Thumb Code    60  ungetc.o(.text)
    ungetc                                   0x00000d9d   Thumb Code     0  ungetc.o(.text)
    exit                                     0x00000de5   Thumb Code    18  exit.o(.text)
    __rt_ctype_table                         0x00000df9   Thumb Code    16  rt_ctype_table.o(.text)
    __rt_locale                              0x00000e09   Thumb Code     8  rt_locale_intlibspace.o(.text)
    BusFault_Handler                         0x00000e11   Thumb Code     4  gowin_m3_it.o(i.BusFault_Handler)
    DebugMon_Handler                         0x00000e15   Thumb Code     2  gowin_m3_it.o(i.DebugMon_Handler)
    GPIO0_0_Handler                          0x00000e17   Thumb Code     2  gowin_m3_it.o(i.GPIO0_0_Handler)
    GPIO0_10_Handler                         0x00000e19   Thumb Code     2  gowin_m3_it.o(i.GPIO0_10_Handler)
    GPIO0_11_Handler                         0x00000e1b   Thumb Code     2  gowin_m3_it.o(i.GPIO0_11_Handler)
    GPIO0_12_Handler                         0x00000e1d   Thumb Code     2  gowin_m3_it.o(i.GPIO0_12_Handler)
    GPIO0_13_Handler                         0x00000e1f   Thumb Code     2  gowin_m3_it.o(i.GPIO0_13_Handler)
    GPIO0_14_Handler                         0x00000e21   Thumb Code     2  gowin_m3_it.o(i.GPIO0_14_Handler)
    GPIO0_15_Handler                         0x00000e23   Thumb Code     2  gowin_m3_it.o(i.GPIO0_15_Handler)
    GPIO0_1_Handler                          0x00000e25   Thumb Code     2  gowin_m3_it.o(i.GPIO0_1_Handler)
    GPIO0_2_Handler                          0x00000e27   Thumb Code     2  gowin_m3_it.o(i.GPIO0_2_Handler)
    GPIO0_3_Handler                          0x00000e29   Thumb Code     2  gowin_m3_it.o(i.GPIO0_3_Handler)
    GPIO0_4_Handler                          0x00000e2b   Thumb Code     2  gowin_m3_it.o(i.GPIO0_4_Handler)
    GPIO0_5_Handler                          0x00000e2d   Thumb Code     2  gowin_m3_it.o(i.GPIO0_5_Handler)
    GPIO0_6_Handler                          0x00000e2f   Thumb Code     2  gowin_m3_it.o(i.GPIO0_6_Handler)
    GPIO0_7_Handler                          0x00000e31   Thumb Code     2  gowin_m3_it.o(i.GPIO0_7_Handler)
    GPIO0_8_Handler                          0x00000e33   Thumb Code     2  gowin_m3_it.o(i.GPIO0_8_Handler)
    GPIO0_9_Handler                          0x00000e35   Thumb Code     2  gowin_m3_it.o(i.GPIO0_9_Handler)
    GPIO0_Handler                            0x00000e37   Thumb Code     2  gowin_m3_it.o(i.GPIO0_Handler)
    GPIOInit                                 0x00000e39   Thumb Code    40  app.o(i.GPIOInit)
    GPIO_Init                                0x00000e61   Thumb Code   196  gowin_m3_gpio.o(i.GPIO_Init)
    GPIO_WriteBits                           0x00000f25   Thumb Code     4  gowin_m3_gpio.o(i.GPIO_WriteBits)
    HardFault_Handler                        0x00000f29   Thumb Code     4  gowin_m3_it.o(i.HardFault_Handler)
    MemManage_Handler                        0x00000f2d   Thumb Code     4  gowin_m3_it.o(i.MemManage_Handler)
    NMI_Handler                              0x00000f31   Thumb Code     2  gowin_m3_it.o(i.NMI_Handler)
    PendSV_Handler                           0x00000f33   Thumb Code     2  gowin_m3_it.o(i.PendSV_Handler)
    SVC_Handler                              0x00000f35   Thumb Code     2  gowin_m3_it.o(i.SVC_Handler)
    SystemInit                               0x00000f39   Thumb Code     8  system_gowin_m3.o(i.SystemInit)
    TIMER1_Handler                           0x00000f49   Thumb Code     2  gowin_m3_it.o(i.TIMER1_Handler)
    UART0_Handler                            0x00000f4d   Thumb Code    94  app.o(i.UART0_Handler)
    UART1_Handler                            0x00000fed   Thumb Code     2  gowin_m3_it.o(i.UART1_Handler)
    UART_ClearRxIRQ                          0x00000fef   Thumb Code     6  gowin_m3_uart.o(i.UART_ClearRxIRQ)
    UART_GetRxIRQStatus                      0x00000ff5   Thumb Code    10  gowin_m3_uart.o(i.UART_GetRxIRQStatus)
    UART_Init                                0x00001001   Thumb Code   122  gowin_m3_uart.o(i.UART_Init)
    UART_ReceiveChar                         0x00001081   Thumb Code    20  gowin_m3_uart.o(i.UART_ReceiveChar)
    UART_SendChar                            0x00001095   Thumb Code    16  gowin_m3_uart.o(i.UART_SendChar)
    USER_INT0_Handler                        0x000010a5   Thumb Code     2  gowin_m3_it.o(i.USER_INT0_Handler)
    USER_INT10_Handler                       0x000010a7   Thumb Code     2  gowin_m3_it.o(i.USER_INT10_Handler)
    USER_INT11_Handler                       0x000010a9   Thumb Code     2  gowin_m3_it.o(i.USER_INT11_Handler)
    USER_INT12_Handler                       0x000010ab   Thumb Code     2  gowin_m3_it.o(i.USER_INT12_Handler)
    USER_INT13_Handler                       0x000010ad   Thumb Code     2  gowin_m3_it.o(i.USER_INT13_Handler)
    USER_INT14_Handler                       0x000010af   Thumb Code     2  gowin_m3_it.o(i.USER_INT14_Handler)
    USER_INT15_Handler                       0x000010b1   Thumb Code     2  gowin_m3_it.o(i.USER_INT15_Handler)
    USER_INT1_Handler                        0x000010b3   Thumb Code     2  gowin_m3_it.o(i.USER_INT1_Handler)
    USER_INT2_Handler                        0x000010b5   Thumb Code     2  gowin_m3_it.o(i.USER_INT2_Handler)
    USER_INT3_Handler                        0x000010b7   Thumb Code     2  gowin_m3_it.o(i.USER_INT3_Handler)
    USER_INT4_Handler                        0x000010b9   Thumb Code     2  gowin_m3_it.o(i.USER_INT4_Handler)
    USER_INT5_Handler                        0x000010bb   Thumb Code     2  gowin_m3_it.o(i.USER_INT5_Handler)
    USER_INT6_Handler                        0x000010bd   Thumb Code     2  gowin_m3_it.o(i.USER_INT6_Handler)
    USER_INT7_Handler                        0x000010bf   Thumb Code     2  gowin_m3_it.o(i.USER_INT7_Handler)
    USER_INT8_Handler                        0x000010c1   Thumb Code     2  gowin_m3_it.o(i.USER_INT8_Handler)
    USER_INT9_Handler                        0x000010c3   Thumb Code     2  gowin_m3_it.o(i.USER_INT9_Handler)
    UartInit                                 0x000010c5   Thumb Code    52  app_if.o(i.UartInit)
    UsageFault_Handler                       0x000010fd   Thumb Code     4  gowin_m3_it.o(i.UsageFault_Handler)
    _sys_exit                                0x00001101   Thumb Code     4  retarget.o(i._sys_exit)
    fgetc                                    0x00001105   Thumb Code    26  retarget.o(i.fgetc)
    fputc                                    0x00001125   Thumb Code    32  retarget.o(i.fputc)
    main                                     0x00001149   Thumb Code    22  main.o(i.main)
    start_cmd_line                           0x00001161   Thumb Code   272  cmd_line.o(i.start_cmd_line)
    _get_lc_ctype                            0x00001449   Thumb Code    44  lc_ctype_c.o(locale$$code)
    menu                                     0x00001474   Data        1024  cmd_line.o(.constdata)
    Region$$Table$$Base                      0x000018fc   Number         0  anon$$obj.o(Region$$Table)
    Region$$Table$$Limit                     0x0000191c   Number         0  anon$$obj.o(Region$$Table)
    __ctype                                  0x00001929   Data           0  lc_ctype_c.o(locale$$data)
    SystemCoreClock                          0x20000000   Data           4  system_gowin_m3.o(.data)
    __stdout                                 0x20000004   Data           4  retarget.o(.data)
    __stdin                                  0x20000008   Data           4  retarget.o(.data)
    __stderr                                 0x2000000c   Data           4  retarget.o(.data)
    cmd_line                                 0x20000010   Data         128  cmd_line.o(.bss)
    __libspace_start                         0x20000090   Data          96  libspace.o(.bss)
    __temporary_stack_top$libspace           0x200000f0   Data           0  libspace.o(.bss)



==============================================================================

Memory Map of the image

  Image Entry point : 0x00000501

  Load Region LR_IROM1 (Base: 0x00000400, Size: 0x0000163c, Max: 0x0000fc00, ABSOLUTE)

    Execution Region ER_IROM1 (Exec base: 0x00000400, Load base: 0x00000400, Size: 0x0000162c, Max: 0x0000fc00, ABSOLUTE)

    Exec Addr    Load Addr    Size         Type   Attr      Idx    E Section Name        Object

    0x00000400   0x00000400   0x00000100   Data   RO           19    RESET               startup_gowin_m3.o
    0x00000500   0x00000500   0x00000008   Code   RO         1648  * !!!main             c_w.l(__main.o)
    0x00000508   0x00000508   0x00000034   Code   RO         1888    !!!scatter          c_w.l(__scatter.o)
    0x0000053c   0x0000053c   0x0000001a   Code   RO         1890    !!handler_copy      c_w.l(__scatter_copy.o)
    0x00000556   0x00000556   0x00000002   PAD
    0x00000558   0x00000558   0x0000001c   Code   RO         1892    !!handler_zi        c_w.l(__scatter_zi.o)
    0x00000574   0x00000574   0x00000000   Code   RO         1639    .ARM.Collect$$_printf_percent$$00000000  c_w.l(_printf_percent.o)
    0x00000574   0x00000574   0x00000006   Code   RO         1637    .ARM.Collect$$_printf_percent$$00000013  c_w.l(_printf_c.o)
    0x0000057a   0x0000057a   0x00000006   Code   RO         1638    .ARM.Collect$$_printf_percent$$00000014  c_w.l(_printf_s.o)
    0x00000580   0x00000580   0x00000004   Code   RO         1684    .ARM.Collect$$_printf_percent$$00000017  c_w.l(_printf_percent_end.o)
    0x00000584   0x00000584   0x00000002   Code   RO         1814    .ARM.Collect$$libinit$$00000000  c_w.l(libinit.o)
    0x00000586   0x00000586   0x00000000   Code   RO         1739    .ARM.Collect$$libinit$$00000002  c_w.l(libinit2.o)
    0x00000586   0x00000586   0x00000000   Code   RO         1741    .ARM.Collect$$libinit$$00000004  c_w.l(libinit2.o)
    0x00000586   0x00000586   0x00000000   Code   RO         1744    .ARM.Collect$$libinit$$0000000A  c_w.l(libinit2.o)
    0x00000586   0x00000586   0x00000000   Code   RO         1746    .ARM.Collect$$libinit$$0000000C  c_w.l(libinit2.o)
    0x00000586   0x00000586   0x00000000   Code   RO         1748    .ARM.Collect$$libinit$$0000000E  c_w.l(libinit2.o)
    0x00000586   0x00000586   0x00000006   Code   RO         1749    .ARM.Collect$$libinit$$0000000F  c_w.l(libinit2.o)
    0x0000058c   0x0000058c   0x00000000   Code   RO         1751    .ARM.Collect$$libinit$$00000011  c_w.l(libinit2.o)
    0x0000058c   0x0000058c   0x0000000c   Code   RO         1752    .ARM.Collect$$libinit$$00000012  c_w.l(libinit2.o)
    0x00000598   0x00000598   0x00000000   Code   RO         1753    .ARM.Collect$$libinit$$00000013  c_w.l(libinit2.o)
    0x00000598   0x00000598   0x00000000   Code   RO         1755    .ARM.Collect$$libinit$$00000015  c_w.l(libinit2.o)
    0x00000598   0x00000598   0x00000000   Code   RO         1757    .ARM.Collect$$libinit$$00000017  c_w.l(libinit2.o)
    0x00000598   0x00000598   0x00000000   Code   RO         1759    .ARM.Collect$$libinit$$00000019  c_w.l(libinit2.o)
    0x00000598   0x00000598   0x00000000   Code   RO         1761    .ARM.Collect$$libinit$$0000001B  c_w.l(libinit2.o)
    0x00000598   0x00000598   0x00000000   Code   RO         1763    .ARM.Collect$$libinit$$0000001D  c_w.l(libinit2.o)
    0x00000598   0x00000598   0x00000000   Code   RO         1765    .ARM.Collect$$libinit$$0000001F  c_w.l(libinit2.o)
    0x00000598   0x00000598   0x00000000   Code   RO         1767    .ARM.Collect$$libinit$$00000021  c_w.l(libinit2.o)
    0x00000598   0x00000598   0x00000000   Code   RO         1769    .ARM.Collect$$libinit$$00000023  c_w.l(libinit2.o)
    0x00000598   0x00000598   0x00000000   Code   RO         1771    .ARM.Collect$$libinit$$00000025  c_w.l(libinit2.o)
    0x00000598   0x00000598   0x00000000   Code   RO         1775    .ARM.Collect$$libinit$$0000002C  c_w.l(libinit2.o)
    0x00000598   0x00000598   0x00000000   Code   RO         1777    .ARM.Collect$$libinit$$0000002E  c_w.l(libinit2.o)
    0x00000598   0x00000598   0x00000000   Code   RO         1779    .ARM.Collect$$libinit$$00000030  c_w.l(libinit2.o)
    0x00000598   0x00000598   0x00000000   Code   RO         1781    .ARM.Collect$$libinit$$00000032  c_w.l(libinit2.o)
    0x00000598   0x00000598   0x00000002   Code   RO         1782    .ARM.Collect$$libinit$$00000033  c_w.l(libinit2.o)
    0x0000059a   0x0000059a   0x00000002   Code   RO         1885    .ARM.Collect$$libshutdown$$00000000  c_w.l(libshutdown.o)
    0x0000059c   0x0000059c   0x00000000   Code   RO         1835    .ARM.Collect$$libshutdown$$00000002  c_w.l(libshutdown2.o)
    0x0000059c   0x0000059c   0x00000000   Code   RO         1837    .ARM.Collect$$libshutdown$$00000004  c_w.l(libshutdown2.o)
    0x0000059c   0x0000059c   0x00000000   Code   RO         1840    .ARM.Collect$$libshutdown$$00000007  c_w.l(libshutdown2.o)
    0x0000059c   0x0000059c   0x00000000   Code   RO         1843    .ARM.Collect$$libshutdown$$0000000A  c_w.l(libshutdown2.o)
    0x0000059c   0x0000059c   0x00000000   Code   RO         1845    .ARM.Collect$$libshutdown$$0000000C  c_w.l(libshutdown2.o)
    0x0000059c   0x0000059c   0x00000000   Code   RO         1848    .ARM.Collect$$libshutdown$$0000000F  c_w.l(libshutdown2.o)
    0x0000059c   0x0000059c   0x00000002   Code   RO         1849    .ARM.Collect$$libshutdown$$00000010  c_w.l(libshutdown2.o)
    0x0000059e   0x0000059e   0x00000000   Code   RO         1652    .ARM.Collect$$rtentry$$00000000  c_w.l(__rtentry.o)
    0x0000059e   0x0000059e   0x00000000   Code   RO         1693    .ARM.Collect$$rtentry$$00000002  c_w.l(__rtentry2.o)
    0x0000059e   0x0000059e   0x00000006   Code   RO         1705    .ARM.Collect$$rtentry$$00000004  c_w.l(__rtentry4.o)
    0x000005a4   0x000005a4   0x00000000   Code   RO         1695    .ARM.Collect$$rtentry$$00000009  c_w.l(__rtentry2.o)
    0x000005a4   0x000005a4   0x00000004   Code   RO         1696    .ARM.Collect$$rtentry$$0000000A  c_w.l(__rtentry2.o)
    0x000005a8   0x000005a8   0x00000000   Code   RO         1698    .ARM.Collect$$rtentry$$0000000C  c_w.l(__rtentry2.o)
    0x000005a8   0x000005a8   0x00000008   Code   RO         1699    .ARM.Collect$$rtentry$$0000000D  c_w.l(__rtentry2.o)
    0x000005b0   0x000005b0   0x00000002   Code   RO         1818    .ARM.Collect$$rtexit$$00000000  c_w.l(rtexit.o)
    0x000005b2   0x000005b2   0x00000000   Code   RO         1851    .ARM.Collect$$rtexit$$00000002  c_w.l(rtexit2.o)
    0x000005b2   0x000005b2   0x00000004   Code   RO         1852    .ARM.Collect$$rtexit$$00000003  c_w.l(rtexit2.o)
    0x000005b6   0x000005b6   0x00000006   Code   RO         1853    .ARM.Collect$$rtexit$$00000004  c_w.l(rtexit2.o)
    0x000005bc   0x000005bc   0x00000040   Code   RO           20    .text               startup_gowin_m3.o
    0x000005fc   0x000005fc   0x00000002   Code   RO         1551    .text               c_w.l(use_no_semi.o)
    0x000005fe   0x000005fe   0x0000004e   Code   RO         1555    .text               c_w.l(h1_free.o)
    0x0000064c   0x0000064c   0x00000018   Code   RO         1611    .text               c_w.l(noretval__2printf.o)
    0x00000664   0x00000664   0x00000068   Code   RO         1613    .text               c_w.l(__printf.o)
    0x000006cc   0x000006cc   0x00000052   Code   RO         1615    .text               c_w.l(_printf_str.o)
    0x0000071e   0x0000071e   0x00000002   PAD
    0x00000720   0x00000720   0x00000020   Code   RO         1640    .text               c_w.l(__0scanf.o)
    0x00000740   0x00000740   0x000000e0   Code   RO         1642    .text               c_w.l(_scanf_str.o)
    0x00000820   0x00000820   0x00000080   Code   RO         1644    .text               c_w.l(strcmpv7m.o)
    0x000008a0   0x000008a0   0x00000006   Code   RO         1646    .text               c_w.l(heapauxi.o)
    0x000008a6   0x000008a6   0x00000002   PAD
    0x000008a8   0x000008a8   0x00000008   Code   RO         1656    .text               c_w.l(rt_heap_descriptor_intlibspace.o)
    0x000008b0   0x000008b0   0x0000002c   Code   RO         1680    .text               c_w.l(_printf_char.o)
    0x000008dc   0x000008dc   0x00000024   Code   RO         1682    .text               c_w.l(_printf_char_file.o)
    0x00000900   0x00000900   0x00000018   Code   RO         1685    .text               c_w.l(scanf_char_file.o)
    0x00000918   0x00000918   0x00000008   Code   RO         1689    .text               c_w.l(libspace.o)
    0x00000920   0x00000920   0x00000030   Code   RO         1717    .text               c_w.l(_printf_char_common.o)
    0x00000950   0x00000950   0x0000002c   Code   RO         1719    .text               c_w.l(scanf_char.o)
    0x0000097c   0x0000097c   0x00000048   Code   RO         1721    .text               c_w.l(backspace.o)
    0x000009c4   0x000009c4   0x00000008   Code   RO         1723    .text               c_w.l(ferror.o)
    0x000009cc   0x000009cc   0x0000004a   Code   RO         1785    .text               c_w.l(sys_stackheap_outer.o)
    0x00000a16   0x00000a16   0x00000012   Code   RO         1793    .text               c_w.l(isspace.o)
    0x00000a28   0x00000a28   0x00000374   Code   RO         1797    .text               c_w.l(_scanf.o)
    0x00000d9c   0x00000d9c   0x00000048   Code   RO         1799    .text               c_w.l(ungetc.o)
    0x00000de4   0x00000de4   0x00000012   Code   RO         1801    .text               c_w.l(exit.o)
    0x00000df6   0x00000df6   0x00000002   PAD
    0x00000df8   0x00000df8   0x00000010   Code   RO         1820    .text               c_w.l(rt_ctype_table.o)
    0x00000e08   0x00000e08   0x00000008   Code   RO         1860    .text               c_w.l(rt_locale_intlibspace.o)
    0x00000e10   0x00000e10   0x00000004   Code   RO         1174    i.BusFault_Handler  gowin_m3_it.o
    0x00000e14   0x00000e14   0x00000002   Code   RO         1175    i.DebugMon_Handler  gowin_m3_it.o
    0x00000e16   0x00000e16   0x00000002   Code   RO         1176    i.GPIO0_0_Handler   gowin_m3_it.o
    0x00000e18   0x00000e18   0x00000002   Code   RO         1177    i.GPIO0_10_Handler  gowin_m3_it.o
    0x00000e1a   0x00000e1a   0x00000002   Code   RO         1178    i.GPIO0_11_Handler  gowin_m3_it.o
    0x00000e1c   0x00000e1c   0x00000002   Code   RO         1179    i.GPIO0_12_Handler  gowin_m3_it.o
    0x00000e1e   0x00000e1e   0x00000002   Code   RO         1180    i.GPIO0_13_Handler  gowin_m3_it.o
    0x00000e20   0x00000e20   0x00000002   Code   RO         1181    i.GPIO0_14_Handler  gowin_m3_it.o
    0x00000e22   0x00000e22   0x00000002   Code   RO         1182    i.GPIO0_15_Handler  gowin_m3_it.o
    0x00000e24   0x00000e24   0x00000002   Code   RO         1183    i.GPIO0_1_Handler   gowin_m3_it.o
    0x00000e26   0x00000e26   0x00000002   Code   RO         1184    i.GPIO0_2_Handler   gowin_m3_it.o
    0x00000e28   0x00000e28   0x00000002   Code   RO         1185    i.GPIO0_3_Handler   gowin_m3_it.o
    0x00000e2a   0x00000e2a   0x00000002   Code   RO         1186    i.GPIO0_4_Handler   gowin_m3_it.o
    0x00000e2c   0x00000e2c   0x00000002   Code   RO         1187    i.GPIO0_5_Handler   gowin_m3_it.o
    0x00000e2e   0x00000e2e   0x00000002   Code   RO         1188    i.GPIO0_6_Handler   gowin_m3_it.o
    0x00000e30   0x00000e30   0x00000002   Code   RO         1189    i.GPIO0_7_Handler   gowin_m3_it.o
    0x00000e32   0x00000e32   0x00000002   Code   RO         1190    i.GPIO0_8_Handler   gowin_m3_it.o
    0x00000e34   0x00000e34   0x00000002   Code   RO         1191    i.GPIO0_9_Handler   gowin_m3_it.o
    0x00000e36   0x00000e36   0x00000002   Code   RO         1192    i.GPIO0_Handler     gowin_m3_it.o
    0x00000e38   0x00000e38   0x00000028   Code   RO         1063    i.GPIOInit          app.o
    0x00000e60   0x00000e60   0x000000c4   Code   RO          193    i.GPIO_Init         gowin_m3_gpio.o
    0x00000f24   0x00000f24   0x00000004   Code   RO          206    i.GPIO_WriteBits    gowin_m3_gpio.o
    0x00000f28   0x00000f28   0x00000004   Code   RO         1193    i.HardFault_Handler  gowin_m3_it.o
    0x00000f2c   0x00000f2c   0x00000004   Code   RO         1194    i.MemManage_Handler  gowin_m3_it.o
    0x00000f30   0x00000f30   0x00000002   Code   RO         1195    i.NMI_Handler       gowin_m3_it.o
    0x00000f32   0x00000f32   0x00000002   Code   RO         1196    i.PendSV_Handler    gowin_m3_it.o
    0x00000f34   0x00000f34   0x00000002   Code   RO         1197    i.SVC_Handler       gowin_m3_it.o
    0x00000f36   0x00000f36   0x00000002   PAD
    0x00000f38   0x00000f38   0x00000010   Code   RO           25    i.SystemInit        system_gowin_m3.o
    0x00000f48   0x00000f48   0x00000002   Code   RO         1198    i.TIMER1_Handler    gowin_m3_it.o
    0x00000f4a   0x00000f4a   0x00000002   PAD
    0x00000f4c   0x00000f4c   0x000000a0   Code   RO         1064    i.UART0_Handler     app.o
    0x00000fec   0x00000fec   0x00000002   Code   RO         1199    i.UART1_Handler     gowin_m3_it.o
    0x00000fee   0x00000fee   0x00000006   Code   RO          812    i.UART_ClearRxIRQ   gowin_m3_uart.o
    0x00000ff4   0x00000ff4   0x0000000a   Code   RO          821    i.UART_GetRxIRQStatus  gowin_m3_uart.o
    0x00000ffe   0x00000ffe   0x00000002   PAD
    0x00001000   0x00001000   0x00000080   Code   RO          827    i.UART_Init         gowin_m3_uart.o
    0x00001080   0x00001080   0x00000014   Code   RO          828    i.UART_ReceiveChar  gowin_m3_uart.o
    0x00001094   0x00001094   0x00000010   Code   RO          829    i.UART_SendChar     gowin_m3_uart.o
    0x000010a4   0x000010a4   0x00000002   Code   RO         1200    i.USER_INT0_Handler  gowin_m3_it.o
    0x000010a6   0x000010a6   0x00000002   Code   RO         1201    i.USER_INT10_Handler  gowin_m3_it.o
    0x000010a8   0x000010a8   0x00000002   Code   RO         1202    i.USER_INT11_Handler  gowin_m3_it.o
    0x000010aa   0x000010aa   0x00000002   Code   RO         1203    i.USER_INT12_Handler  gowin_m3_it.o
    0x000010ac   0x000010ac   0x00000002   Code   RO         1204    i.USER_INT13_Handler  gowin_m3_it.o
    0x000010ae   0x000010ae   0x00000002   Code   RO         1205    i.USER_INT14_Handler  gowin_m3_it.o
    0x000010b0   0x000010b0   0x00000002   Code   RO         1206    i.USER_INT15_Handler  gowin_m3_it.o
    0x000010b2   0x000010b2   0x00000002   Code   RO         1207    i.USER_INT1_Handler  gowin_m3_it.o
    0x000010b4   0x000010b4   0x00000002   Code   RO         1208    i.USER_INT2_Handler  gowin_m3_it.o
    0x000010b6   0x000010b6   0x00000002   Code   RO         1209    i.USER_INT3_Handler  gowin_m3_it.o
    0x000010b8   0x000010b8   0x00000002   Code   RO         1210    i.USER_INT4_Handler  gowin_m3_it.o
    0x000010ba   0x000010ba   0x00000002   Code   RO         1211    i.USER_INT5_Handler  gowin_m3_it.o
    0x000010bc   0x000010bc   0x00000002   Code   RO         1212    i.USER_INT6_Handler  gowin_m3_it.o
    0x000010be   0x000010be   0x00000002   Code   RO         1213    i.USER_INT7_Handler  gowin_m3_it.o
    0x000010c0   0x000010c0   0x00000002   Code   RO         1214    i.USER_INT8_Handler  gowin_m3_it.o
    0x000010c2   0x000010c2   0x00000002   Code   RO         1215    i.USER_INT9_Handler  gowin_m3_it.o
    0x000010c4   0x000010c4   0x00000038   Code   RO         1156    i.UartInit          app_if.o
    0x000010fc   0x000010fc   0x00000004   Code   RO         1216    i.UsageFault_Handler  gowin_m3_it.o
    0x00001100   0x00001100   0x00000004   Code   RO         1507    i._sys_exit         retarget.o
    0x00001104   0x00001104   0x00000020   Code   RO         1509    i.fgetc             retarget.o
    0x00001124   0x00001124   0x00000024   Code   RO         1510    i.fputc             retarget.o
    0x00001148   0x00001148   0x00000016   Code   RO         1135    i.main              main.o
    0x0000115e   0x0000115e   0x00000002   PAD
    0x00001160   0x00001160   0x0000027c   Code   RO         1097    i.start_cmd_line    cmd_line.o
    0x000013dc   0x000013dc   0x0000006c   Code   RO         1098    i.sw_edition_print  cmd_line.o
    0x00001448   0x00001448   0x0000002c   Code   RO         1863    locale$$code        c_w.l(lc_ctype_c.o)
    0x00001474   0x00001474   0x00000400   Data   RO         1100    .constdata          cmd_line.o
    0x00001874   0x00001874   0x00000086   Data   RO         1101    .conststring        cmd_line.o
    0x000018fa   0x000018fa   0x00000002   PAD
    0x000018fc   0x000018fc   0x00000020   Data   RO         1886    Region$$Table       anon$$obj.o
    0x0000191c   0x0000191c   0x00000110   Data   RO         1862    locale$$data        c_w.l(lc_ctype_c.o)


    Execution Region RW_IRAM1 (Exec base: 0x20000000, Load base: 0x00001a2c, Size: 0x000020f0, Max: 0x00010000, ABSOLUTE)

    Exec Addr    Load Addr    Size         Type   Attr      Idx    E Section Name        Object

    0x20000000   0x00001a2c   0x00000004   Data   RW           26    .data               system_gowin_m3.o
    0x20000004   0x00001a30   0x0000000c   Data   RW         1511    .data               retarget.o
    0x20000010        -       0x00000080   Zero   RW         1099    .bss                cmd_line.o
    0x20000090        -       0x00000060   Zero   RW         1690    .bss                c_w.l(libspace.o)
    0x200000f0        -       0x00001000   Zero   RW           18    HEAP                startup_gowin_m3.o
    0x200010f0        -       0x00001000   Zero   RW           17    STACK               startup_gowin_m3.o


==============================================================================

Image component sizes


      Code (inc. data)   RO Data    RW Data    ZI Data      Debug   Object Name

       200         66          0          0          0       1007   app.o
        56          4          0          0          0        555   app_if.o
       744        434       1158          0        128       1561   cmd_line.o
         0          0          0          0          0       4540   core_cm3.o
       200          0          0          0          0       1805   gowin_m3_gpio.o
        94          0          0          0          0      18977   gowin_m3_it.o
       180          6          0          0          0       3367   gowin_m3_uart.o
        22          0          0          0          0        463   main.o
        72         10          0         12          0       3358   retarget.o
        64         26        256          0       8192        864   startup_gowin_m3.o
        16          8          0          4          0      10691   system_gowin_m3.o

    ----------------------------------------------------------------------
      1656        554       1448         16       8320      47188   Object Totals
         0          0         32          0          0          0   (incl. Generated)
         8          0          2          0          0          0   (incl. Padding)

    ----------------------------------------------------------------------

      Code (inc. data)   RO Data    RW Data    ZI Data      Debug   Library Member Name

        32          6          0          0          0         84   __0scanf.o
         8          0          0          0          0         68   __main.o
       104          0          0          0          0         84   __printf.o
         0          0          0          0          0          0   __rtentry.o
        12          0          0          0          0          0   __rtentry2.o
         6          0          0          0          0          0   __rtentry4.o
        52          8          0          0          0          0   __scatter.o
        26          0          0          0          0          0   __scatter_copy.o
        28          0          0          0          0          0   __scatter_zi.o
         6          0          0          0          0          0   _printf_c.o
        44          0          0          0          0        108   _printf_char.o
        48          6          0          0          0         96   _printf_char_common.o
        36          4          0          0          0         80   _printf_char_file.o
         0          0          0          0          0          0   _printf_percent.o
         4          0          0          0          0          0   _printf_percent_end.o
         6          0          0          0          0          0   _printf_s.o
        82          0          0          0          0         80   _printf_str.o
       884          6          0          0          0        100   _scanf.o
       224          0          0          0          0         96   _scanf_str.o
        72          0          0          0          0         92   backspace.o
        18          0          0          0          0         80   exit.o
         8          0          0          0          0         68   ferror.o
        78          0          0          0          0         80   h1_free.o
         6          0          0          0          0        152   heapauxi.o
        18          0          0          0          0         76   isspace.o
        44         10        272          0          0         76   lc_ctype_c.o
         2          0          0          0          0          0   libinit.o
        20          0          0          0          0          0   libinit2.o
         2          0          0          0          0          0   libshutdown.o
         2          0          0          0          0          0   libshutdown2.o
         8          4          0          0         96         68   libspace.o
        24          4          0          0          0         84   noretval__2printf.o
        16          4          0          0          0         76   rt_ctype_table.o
         8          4          0          0          0         68   rt_heap_descriptor_intlibspace.o
         8          4          0          0          0         68   rt_locale_intlibspace.o
         2          0          0          0          0          0   rtexit.o
        10          0          0          0          0          0   rtexit2.o
        44          8          0          0          0         84   scanf_char.o
        24          8          0          0          0         68   scanf_char_file.o
       128          0          0          0          0         68   strcmpv7m.o
        74          0          0          0          0         80   sys_stackheap_outer.o
        72         12          0          0          0         68   ungetc.o
         2          0          0          0          0         68   use_no_semi.o

    ----------------------------------------------------------------------
      2300         88        272          0         96       2220   Library Totals
         8          0          0          0          0          0   (incl. Padding)

    ----------------------------------------------------------------------

      Code (inc. data)   RO Data    RW Data    ZI Data      Debug   Library Name

      2292         88        272          0         96       2220   c_w.l

    ----------------------------------------------------------------------
      2300         88        272          0         96       2220   Library Totals

    ----------------------------------------------------------------------

==============================================================================


      Code (inc. data)   RO Data    RW Data    ZI Data      Debug   

      3956        642       1720         16       8416      45348   Grand Totals
      3956        642       1720         16       8416      45348   ELF Image Totals
      3956        642       1720         16          0          0   ROM Totals

==============================================================================

    Total RO  Size (Code + RO Data)                 5676 (   5.54kB)
    Total RW  Size (RW Data + ZI Data)              8432 (   8.23kB)
    Total ROM Size (Code + RO Data + RW Data)       5692 (   5.56kB)

==============================================================================

